Component: ARM Compiler 5.06 update 1 (build 61) Tool: armlink [4d35a8]

==============================================================================

Section Cross References

    startup_stm32f10x_hd.o(STACK) refers (Special) to heapauxi.o(.text) for __use_two_region_memory
    startup_stm32f10x_hd.o(HEAP) refers (Special) to heapauxi.o(.text) for __use_two_region_memory
    startup_stm32f10x_hd.o(RESET) refers (Special) to heapauxi.o(.text) for __use_two_region_memory
    startup_stm32f10x_hd.o(RESET) refers to startup_stm32f10x_hd.o(STACK) for __initial_sp
    startup_stm32f10x_hd.o(RESET) refers to startup_stm32f10x_hd.o(.text) for Reset_Handler
    startup_stm32f10x_hd.o(RESET) refers to stm32f10x_it.o(i.NMI_Handler) for NMI_Handler
    startup_stm32f10x_hd.o(RESET) refers to stm32f10x_it.o(i.HardFault_Handler) for HardFault_Handler
    startup_stm32f10x_hd.o(RESET) refers to stm32f10x_it.o(i.MemManage_Handler) for MemManage_Handler
    startup_stm32f10x_hd.o(RESET) refers to stm32f10x_it.o(i.BusFault_Handler) for BusFault_Handler
    startup_stm32f10x_hd.o(RESET) refers to stm32f10x_it.o(i.UsageFault_Handler) for UsageFault_Handler
    startup_stm32f10x_hd.o(RESET) refers to stm32f10x_it.o(i.SVC_Handler) for SVC_Handler
    startup_stm32f10x_hd.o(RESET) refers to stm32f10x_it.o(i.DebugMon_Handler) for DebugMon_Handler
    startup_stm32f10x_hd.o(RESET) refers to stm32f10x_it.o(i.PendSV_Handler) for PendSV_Handler
    startup_stm32f10x_hd.o(RESET) refers to stm32f10x_it.o(i.SysTick_Handler) for SysTick_Handler
    startup_stm32f10x_hd.o(.text) refers (Special) to heapauxi.o(.text) for __use_two_region_memory
    startup_stm32f10x_hd.o(.text) refers to system_stm32f10x.o(i.SystemInit) for SystemInit
    startup_stm32f10x_hd.o(.text) refers to __main.o(!!!main) for __main
    startup_stm32f10x_hd.o(.text) refers to startup_stm32f10x_hd.o(HEAP) for Heap_Mem
    startup_stm32f10x_hd.o(.text) refers to startup_stm32f10x_hd.o(STACK) for Stack_Mem
    stm32f10x_gpio.o(i.GPIO_AFIODeInit) refers to stm32f10x_rcc.o(i.RCC_APB2PeriphResetCmd) for RCC_APB2PeriphResetCmd
    stm32f10x_gpio.o(i.GPIO_DeInit) refers to stm32f10x_rcc.o(i.RCC_APB2PeriphResetCmd) for RCC_APB2PeriphResetCmd
    stm32f10x_spi.o(i.I2S_Init) refers to stm32f10x_rcc.o(i.RCC_GetClocksFreq) for RCC_GetClocksFreq
    stm32f10x_spi.o(i.SPI_I2S_DeInit) refers to stm32f10x_rcc.o(i.RCC_APB2PeriphResetCmd) for RCC_APB2PeriphResetCmd
    stm32f10x_spi.o(i.SPI_I2S_DeInit) refers to stm32f10x_rcc.o(i.RCC_APB1PeriphResetCmd) for RCC_APB1PeriphResetCmd
    stm32f10x_rcc.o(i.RCC_GetClocksFreq) refers to stm32f10x_rcc.o(.data) for .data
    stm32f10x_rcc.o(i.RCC_WaitForHSEStartUp) refers to stm32f10x_rcc.o(i.RCC_GetFlagStatus) for RCC_GetFlagStatus
    stm32f10x_tim.o(i.TIM_DeInit) refers to stm32f10x_rcc.o(i.RCC_APB1PeriphResetCmd) for RCC_APB1PeriphResetCmd
    stm32f10x_tim.o(i.TIM_DeInit) refers to stm32f10x_rcc.o(i.RCC_APB2PeriphResetCmd) for RCC_APB2PeriphResetCmd
    stm32f10x_tim.o(i.TIM_ETRClockMode1Config) refers to stm32f10x_tim.o(i.TIM_ETRConfig) for TIM_ETRConfig
    stm32f10x_tim.o(i.TIM_ETRClockMode2Config) refers to stm32f10x_tim.o(i.TIM_ETRConfig) for TIM_ETRConfig
    stm32f10x_tim.o(i.TIM_ICInit) refers to stm32f10x_tim.o(i.TI1_Config) for TI1_Config
    stm32f10x_tim.o(i.TIM_ICInit) refers to stm32f10x_tim.o(i.TIM_SetIC1Prescaler) for TIM_SetIC1Prescaler
    stm32f10x_tim.o(i.TIM_ICInit) refers to stm32f10x_tim.o(i.TI2_Config) for TI2_Config
    stm32f10x_tim.o(i.TIM_ICInit) refers to stm32f10x_tim.o(i.TIM_SetIC2Prescaler) for TIM_SetIC2Prescaler
    stm32f10x_tim.o(i.TIM_ICInit) refers to stm32f10x_tim.o(i.TIM_SetIC3Prescaler) for TIM_SetIC3Prescaler
    stm32f10x_tim.o(i.TIM_ICInit) refers to stm32f10x_tim.o(i.TIM_SetIC4Prescaler) for TIM_SetIC4Prescaler
    stm32f10x_tim.o(i.TIM_ITRxExternalClockConfig) refers to stm32f10x_tim.o(i.TIM_SelectInputTrigger) for TIM_SelectInputTrigger
    stm32f10x_tim.o(i.TIM_PWMIConfig) refers to stm32f10x_tim.o(i.TI2_Config) for TI2_Config
    stm32f10x_tim.o(i.TIM_PWMIConfig) refers to stm32f10x_tim.o(i.TIM_SetIC2Prescaler) for TIM_SetIC2Prescaler
    stm32f10x_tim.o(i.TIM_PWMIConfig) refers to stm32f10x_tim.o(i.TI1_Config) for TI1_Config
    stm32f10x_tim.o(i.TIM_PWMIConfig) refers to stm32f10x_tim.o(i.TIM_SetIC1Prescaler) for TIM_SetIC1Prescaler
    stm32f10x_tim.o(i.TIM_TIxExternalClockConfig) refers to stm32f10x_tim.o(i.TI1_Config) for TI1_Config
    stm32f10x_tim.o(i.TIM_TIxExternalClockConfig) refers to stm32f10x_tim.o(i.TIM_SelectInputTrigger) for TIM_SelectInputTrigger
    stm32f10x_tim.o(i.TIM_TIxExternalClockConfig) refers to stm32f10x_tim.o(i.TI2_Config) for TI2_Config
    stm32f10x_usart.o(i.USART_DeInit) refers to stm32f10x_rcc.o(i.RCC_APB2PeriphResetCmd) for RCC_APB2PeriphResetCmd
    stm32f10x_usart.o(i.USART_DeInit) refers to stm32f10x_rcc.o(i.RCC_APB1PeriphResetCmd) for RCC_APB1PeriphResetCmd
[...]
    defsig_segv_inner.o(.text) refers to defsig_general.o(.text) for __default_signal_display
    defsig_other.o(.text) refers to defsig_general.o(.text) for __default_signal_display


==============================================================================

Removing Unused input sections from the image.

    Removing core_cm3.o(.emb_text), (32 bytes).
    Removing stm32f10x_exti.o(i.EXTI_ClearFlag), (12 bytes).
    Removing stm32f10x_exti.o(i.EXTI_ClearITPendingBit), (12 bytes).
    Removing stm32f10x_exti.o(i.EXTI_DeInit), (36 bytes).
    Removing stm32f10x_exti.o(i.EXTI_GenerateSWInterrupt), (16 bytes).
    Removing stm32f10x_exti.o(i.EXTI_GetFlagStatus), (20 bytes).
    Removing stm32f10x_exti.o(i.EXTI_GetITStatus), (32 bytes).
    Removing stm32f10x_exti.o(i.EXTI_Init), (112 bytes).
    Removing stm32f10x_exti.o(i.EXTI_StructInit), (14 bytes).
    Removing stm32f10x_gpio.o(i.GPIO_AFIODeInit), (22 bytes).
    Removing stm32f10x_gpio.o(i.GPIO_DeInit), (180 bytes).
    Removing stm32f10x_gpio.o(i.GPIO_ETH_MediaInterfaceConfig), (12 bytes).
    Removing stm32f10x_gpio.o(i.GPIO_EXTILineConfig), (40 bytes).
    Removing stm32f10x_gpio.o(i.GPIO_EventOutputCmd), (12 bytes).
    Removing stm32f10x_gpio.o(i.GPIO_EventOutputConfig), (28 bytes).
    Removing stm32f10x_gpio.o(i.GPIO_PinLockConfig), (16 bytes).
    Removing stm32f10x_gpio.o(i.GPIO_PinRemapConfig), (88 bytes).
    Removing stm32f10x_gpio.o(i.GPIO_ReadInputData), (6 bytes).
    Removing stm32f10x_gpio.o(i.GPIO_ReadInputDataBit), (14 bytes).
    Removing stm32f10x_gpio.o(i.GPIO_ReadOutputData), (6 bytes).
    Removing stm32f10x_gpio.o(i.GPIO_ReadOutputDataBit), (14 bytes).
    Removing stm32f10x_gpio.o(i.GPIO_ResetBits), (4 bytes).
    Removing stm32f10x_gpio.o(i.GPIO_SetBits), (4 bytes).
    Removing stm32f10x_gpio.o(i.GPIO_StructInit), (16 bytes).
    Removing stm32f10x_gpio.o(i.GPIO_Write), (4 bytes).
    Removing stm32f10x_gpio.o(i.GPIO_WriteBit), (10 bytes).
    Removing stm32f10x_spi.o(i.I2S_Cmd), (20 bytes).
    Removing stm32f10x_spi.o(i.I2S_Init), (152 bytes).
    Removing stm32f10x_spi.o(i.I2S_StructInit), (18 bytes).
    Removing stm32f10x_spi.o(i.SPI_BiDirectionalLineConfig), (22 bytes).
    Removing stm32f10x_spi.o(i.SPI_CalculateCRC), (20 bytes).
    Removing stm32f10x_spi.o(i.SPI_DataSizeConfig), (16 bytes).
    Removing stm32f10x_spi.o(i.SPI_GetCRC), (12 bytes).
    Removing stm32f10x_spi.o(i.SPI_GetCRCPolynomial), (4 bytes).
    Removing stm32f10x_spi.o(i.SPI_I2S_ClearFlag), (6 bytes).
    Removing stm32f10x_spi.o(i.SPI_I2S_ClearITPendingBit), (14 bytes).
    Removing stm32f10x_spi.o(i.SPI_I2S_DMACmd), (16 bytes).
    Removing stm32f10x_spi.o(i.SPI_I2S_DeInit), (84 bytes).
    Removing stm32f10x_spi.o(i.SPI_I2S_GetFlagStatus), (14 bytes).
    Removing stm32f10x_spi.o(i.SPI_I2S_GetITStatus), (42 bytes).
    Removing stm32f10x_spi.o(i.SPI_I2S_ITConfig), (24 bytes).
    Removing stm32f10x_spi.o(i.SPI_I2S_ReceiveData), (4 bytes).
    Removing stm32f10x_spi.o(i.SPI_I2S_SendData), (4 bytes).
    Removing stm32f10x_spi.o(i.SPI_NSSInternalSoftwareConfig), (24 bytes).
    Removing stm32f10x_spi.o(i.SPI_SSOutputCmd), (20 bytes).
    Removing stm32f10x_spi.o(i.SPI_StructInit), (24 bytes).
    Removing stm32f10x_spi.o(i.SPI_TransmitCRC), (10 bytes).
    Removing stm32f10x_fsmc.o(i.FSMC_ClearFlag), (38 bytes).
    Removing stm32f10x_fsmc.o(i.FSMC_ClearITPendingBit), (44 bytes).
    Removing stm32f10x_fsmc.o(i.FSMC_GetECC), (18 bytes).
    Removing stm32f10x_fsmc.o(i.FSMC_GetFlagStatus), (40 bytes).
    Removing stm32f10x_fsmc.o(i.FSMC_GetITStatus), (48 bytes).
    Removing stm32f10x_fsmc.o(i.FSMC_ITConfig), (72 bytes).
    Removing stm32f10x_fsmc.o(i.FSMC_NANDCmd), (56 bytes).
    Removing stm32f10x_fsmc.o(i.FSMC_NANDDeInit), (40 bytes).
    Removing stm32f10x_fsmc.o(i.FSMC_NANDECCCmd), (56 bytes).
    Removing stm32f10x_fsmc.o(i.FSMC_NANDInit), (104 bytes).
    Removing stm32f10x_fsmc.o(i.FSMC_NANDStructInit), (54 bytes).
    Removing stm32f10x_fsmc.o(i.FSMC_NORSRAMCmd), (32 bytes).
    Removing stm32f10x_fsmc.o(i.FSMC_NORSRAMDeInit), (40 bytes).
    Removing stm32f10x_fsmc.o(i.FSMC_NORSRAMInit), (200 bytes).
    Removing stm32f10x_fsmc.o(i.FSMC_NORSRAMStructInit), (98 bytes).
    Removing stm32f10x_fsmc.o(i.FSMC_PCCARDCmd), (32 bytes).
    Removing stm32f10x_fsmc.o(i.FSMC_PCCARDDeInit), (26 bytes).
    Removing stm32f10x_fsmc.o(i.FSMC_PCCARDInit), (102 bytes).
    Removing stm32f10x_fsmc.o(i.FSMC_PCCARDStructInit), (60 bytes).
    Removing stm32f10x_rcc.o(i.RCC_ADCCLKConfig), (20 bytes).
    Removing stm32f10x_rcc.o(i.RCC_AHBPeriphClockCmd), (24 bytes).
    Removing stm32f10x_rcc.o(i.RCC_APB1PeriphClockCmd), (24 bytes).
    Removing stm32f10x_rcc.o(i.RCC_APB1PeriphResetCmd), (24 bytes).
    Removing stm32f10x_rcc.o(i.RCC_AdjustHSICalibrationValue), (20 bytes).
    Removing stm32f10x_rcc.o(i.RCC_BackupResetCmd), (12 bytes).
    Removing stm32f10x_rcc.o(i.RCC_ClearFlag), (16 bytes).
    Removing stm32f10x_rcc.o(i.RCC_ClearITPendingBit), (12 bytes).
    Removing stm32f10x_rcc.o(i.RCC_ClockSecuritySystemCmd), (12 bytes).
    Removing stm32f10x_rcc.o(i.RCC_DeInit), (64 bytes).
    Removing stm32f10x_rcc.o(i.RCC_GetClocksFreq), (144 bytes).
    Removing stm32f10x_rcc.o(i.RCC_GetFlagStatus), (48 bytes).
    Removing stm32f10x_rcc.o(i.RCC_GetITStatus), (20 bytes).
    Removing stm32f10x_rcc.o(i.RCC_GetSYSCLKSource), (16 bytes).
    Removing stm32f10x_rcc.o(i.RCC_HCLKConfig), (20 bytes).
    Removing stm32f10x_rcc.o(i.RCC_HSEConfig), (52 bytes).
    Removing stm32f10x_rcc.o(i.RCC_HSICmd), (12 bytes).
    Removing stm32f10x_rcc.o(i.RCC_ITConfig), (24 bytes).
    Removing stm32f10x_rcc.o(i.RCC_LSEConfig), (32 bytes).
    Removing stm32f10x_rcc.o(i.RCC_LSICmd), (12 bytes).
    Removing stm32f10x_rcc.o(i.RCC_MCOConfig), (12 bytes).
    Removing stm32f10x_rcc.o(i.RCC_PCLK1Config), (20 bytes).
    Removing stm32f10x_rcc.o(i.RCC_PCLK2Config), (20 bytes).
    Removing stm32f10x_rcc.o(i.RCC_PLLCmd), (12 bytes).
    Removing stm32f10x_rcc.o(i.RCC_PLLConfig), (20 bytes).
    Removing stm32f10x_rcc.o(i.RCC_RTCCLKCmd), (12 bytes).
    Removing stm32f10x_rcc.o(i.RCC_RTCCLKConfig), (16 bytes).
    Removing stm32f10x_rcc.o(i.RCC_SYSCLKConfig), (20 bytes).
    Removing stm32f10x_rcc.o(i.RCC_USBCLKConfig), (12 bytes).
    Removing stm32f10x_rcc.o(i.RCC_WaitForHSEStartUp), (44 bytes).
    Removing stm32f10x_rcc.o(.data), (20 bytes).
    Removing stm32f10x_tim.o(i.TI1_Config), (108 bytes).
    Removing stm32f10x_tim.o(i.TI2_Config), (124 bytes).
    Removing stm32f10x_tim.o(i.TIM_ARRPreloadConfig), (20 bytes).
    Removing stm32f10x_tim.o(i.TIM_BDTRConfig), (34 bytes).
    Removing stm32f10x_tim.o(i.TIM_BDTRStructInit), (18 bytes).
    Removing stm32f10x_tim.o(i.TIM_CCPreloadControl), (20 bytes).
    Removing stm32f10x_tim.o(i.TIM_CCxCmd), (22 bytes).
    Removing stm32f10x_tim.o(i.TIM_CCxNCmd), (22 bytes).
    Removing stm32f10x_tim.o(i.TIM_ClearFlag), (6 bytes).
    Removing stm32f10x_tim.o(i.TIM_ClearITPendingBit), (6 bytes).
    Removing stm32f10x_tim.o(i.TIM_ClearOC1Ref), (12 bytes).
    Removing stm32f10x_tim.o(i.TIM_ClearOC2Ref), (20 bytes).
    Removing stm32f10x_tim.o(i.TIM_ClearOC3Ref), (12 bytes).
    Removing stm32f10x_tim.o(i.TIM_ClearOC4Ref), (20 bytes).
    Removing stm32f10x_tim.o(i.TIM_Cmd), (20 bytes).
    Removing stm32f10x_tim.o(i.TIM_CounterModeConfig), (12 bytes).
    Removing stm32f10x_tim.o(i.TIM_CtrlPWMOutputs), (22 bytes).
    Removing stm32f10x_tim.o(i.TIM_DMACmd), (16 bytes).
    Removing stm32f10x_tim.o(i.TIM_DMAConfig), (8 bytes).
    Removing stm32f10x_tim.o(i.TIM_DeInit), (368 bytes).
    Removing stm32f10x_tim.o(i.TIM_ETRClockMode1Config), (18 bytes).
    Removing stm32f10x_tim.o(i.TIM_ETRClockMode2Config), (18 bytes).
    Removing stm32f10x_tim.o(i.TIM_ETRConfig), (24 bytes).
    Removing stm32f10x_tim.o(i.TIM_EncoderInterfaceConfig), (50 bytes).
    Removing stm32f10x_tim.o(i.TIM_ForcedOC1Config), (12 bytes).
    Removing stm32f10x_tim.o(i.TIM_ForcedOC2Config), (20 bytes).
    Removing stm32f10x_tim.o(i.TIM_ForcedOC3Config), (12 bytes).
    Removing stm32f10x_tim.o(i.TIM_ForcedOC4Config), (20 bytes).
    Removing stm32f10x_tim.o(i.TIM_GenerateEvent), (4 bytes).
    Removing stm32f10x_tim.o(i.TIM_GetCapture1), (4 bytes).
    Removing stm32f10x_tim.o(i.TIM_GetCapture2), (4 bytes).
    Removing stm32f10x_tim.o(i.TIM_GetCapture3), (4 bytes).
    Removing stm32f10x_tim.o(i.TIM_GetCapture4), (6 bytes).
    Removing stm32f10x_tim.o(i.TIM_GetCounter), (4 bytes).
    Removing stm32f10x_tim.o(i.TIM_GetFlagStatus), (14 bytes).
    Removing stm32f10x_tim.o(i.TIM_GetITStatus), (24 bytes).
    Removing stm32f10x_tim.o(i.TIM_GetPrescaler), (4 bytes).
    Removing stm32f10x_tim.o(i.TIM_ICInit), (300 bytes).
    Removing stm32f10x_tim.o(i.TIM_ICStructInit), (16 bytes).
    Removing stm32f10x_tim.o(i.TIM_ITConfig), (16 bytes).
    Removing stm32f10x_tim.o(i.TIM_ITRxExternalClockConfig), (18 bytes).
    Removing stm32f10x_tim.o(i.TIM_InternalClockConfig), (10 bytes).
    Removing stm32f10x_tim.o(i.TIM_OC1FastConfig), (12 bytes).
    Removing stm32f10x_tim.o(i.TIM_OC1Init), (128 bytes).
    Removing stm32f10x_tim.o(i.TIM_OC1NPolarityConfig), (12 bytes).
    Removing stm32f10x_tim.o(i.TIM_OC1PolarityConfig), (12 bytes).
    Removing stm32f10x_tim.o(i.TIM_OC1PreloadConfig), (12 bytes).
    Removing stm32f10x_tim.o(i.TIM_OC2FastConfig), (20 bytes).
    Removing stm32f10x_tim.o(i.TIM_OC2Init), (128 bytes).
    Removing stm32f10x_tim.o(i.TIM_OC2NPolarityConfig), (20 bytes).
    Removing stm32f10x_tim.o(i.TIM_OC2PolarityConfig), (20 bytes).
    Removing stm32f10x_tim.o(i.TIM_OC2PreloadConfig), (20 bytes).
    Removing stm32f10x_tim.o(i.TIM_OC3FastConfig), (12 bytes).
    Removing stm32f10x_tim.o(i.TIM_OC3Init), (124 bytes).
    Removing stm32f10x_tim.o(i.TIM_OC3NPolarityConfig), (20 bytes).
    Removing stm32f10x_tim.o(i.TIM_OC3PolarityConfig), (20 bytes).
    Removing stm32f10x_tim.o(i.TIM_OC3PreloadConfig), (12 bytes).
    Removing stm32f10x_tim.o(i.TIM_OC4FastConfig), (20 bytes).
    Removing stm32f10x_tim.o(i.TIM_OC4Init), (100 bytes).
    Removing stm32f10x_tim.o(i.TIM_OC4PolarityConfig), (20 bytes).
    Removing stm32f10x_tim.o(i.TIM_OC4PreloadConfig), (20 bytes).
    Removing stm32f10x_tim.o(i.TIM_OCStructInit), (20 bytes).
    Removing stm32f10x_tim.o(i.TIM_PWMIConfig), (108 bytes).
    Removing stm32f10x_tim.o(i.TIM_PrescalerConfig), (6 bytes).
    Removing stm32f10x_tim.o(i.TIM_SelectCCDMA), (20 bytes).
    Removing stm32f10x_tim.o(i.TIM_SelectCOM), (20 bytes).
    Removing stm32f10x_tim.o(i.TIM_SelectHallSensor), (20 bytes).
    Removing stm32f10x_tim.o(i.TIM_SelectInputTrigger), (12 bytes).
    Removing stm32f10x_tim.o(i.TIM_SelectMasterSlaveMode), (16 bytes).
    Removing stm32f10x_tim.o(i.TIM_SelectOCxM), (70 bytes).
    Removing stm32f10x_tim.o(i.TIM_SelectOnePulseMode), (16 bytes).
    Removing stm32f10x_tim.o(i.TIM_SelectOutputTrigger), (16 bytes).
    Removing stm32f10x_tim.o(i.TIM_SelectSlaveMode), (16 bytes).
    Removing stm32f10x_tim.o(i.TIM_SetAutoreload), (4 bytes).
    Removing stm32f10x_tim.o(i.TIM_SetClockDivision), (16 bytes).
    Removing stm32f10x_tim.o(i.TIM_SetCompare1), (4 bytes).
    Removing stm32f10x_tim.o(i.TIM_SetCompare2), (4 bytes).
    Removing stm32f10x_tim.o(i.TIM_SetCompare3), (4 bytes).
    Removing stm32f10x_tim.o(i.TIM_SetCompare4), (6 bytes).
    Removing stm32f10x_tim.o(i.TIM_SetCounter), (4 bytes).
    Removing stm32f10x_tim.o(i.TIM_SetIC1Prescaler), (16 bytes).
    Removing stm32f10x_tim.o(i.TIM_SetIC2Prescaler), (24 bytes).
    Removing stm32f10x_tim.o(i.TIM_SetIC3Prescaler), (16 bytes).
    Removing stm32f10x_tim.o(i.TIM_SetIC4Prescaler), (24 bytes).
    Removing stm32f10x_tim.o(i.TIM_TIxExternalClockConfig), (46 bytes).
    Removing stm32f10x_tim.o(i.TIM_TimeBaseInit), (156 bytes).
    Removing stm32f10x_tim.o(i.TIM_TimeBaseStructInit), (18 bytes).
    Removing stm32f10x_tim.o(i.TIM_UpdateDisableConfig), (20 bytes).
    Removing stm32f10x_tim.o(i.TIM_UpdateRequestConfig), (20 bytes).
    Removing stm32f10x_usart.o(i.USART_ClearFlag), (6 bytes).
    Removing stm32f10x_usart.o(i.USART_ClearITPendingBit), (12 bytes).
    Removing stm32f10x_usart.o(i.USART_ClockInit), (30 bytes).
    Removing stm32f10x_usart.o(i.USART_ClockStructInit), (12 bytes).
    Removing stm32f10x_usart.o(i.USART_Cmd), (20 bytes).
    Removing stm32f10x_usart.o(i.USART_DMACmd), (16 bytes).
    Removing stm32f10x_usart.o(i.USART_DeInit), (116 bytes).
    Removing stm32f10x_usart.o(i.USART_GetFlagStatus), (14 bytes).
    Removing stm32f10x_usart.o(i.USART_GetITStatus), (62 bytes).
    Removing stm32f10x_usart.o(i.USART_HalfDuplexCmd), (20 bytes).
    Removing stm32f10x_usart.o(i.USART_ITConfig), (48 bytes).
    Removing stm32f10x_usart.o(i.USART_Init), (172 bytes).
    Removing stm32f10x_usart.o(i.USART_IrDACmd), (20 bytes).
    Removing stm32f10x_usart.o(i.USART_IrDAConfig), (16 bytes).
    Removing stm32f10x_usart.o(i.USART_LINBreakDetectLengthConfig), (16 bytes).
    Removing stm32f10x_usart.o(i.USART_LINCmd), (20 bytes).
    Removing stm32f10x_usart.o(i.USART_OneBitMethodCmd), (20 bytes).
    Removing stm32f10x_usart.o(i.USART_OverSampling8Cmd), (20 bytes).
    Removing stm32f10x_usart.o(i.USART_ReceiveData), (8 bytes).
    Removing stm32f10x_usart.o(i.USART_ReceiverWakeUpCmd), (20 bytes).
    Removing stm32f10x_usart.o(i.USART_SendBreak), (10 bytes).
    Removing stm32f10x_usart.o(i.USART_SendData), (8 bytes).
    Removing stm32f10x_usart.o(i.USART_SetAddress), (16 bytes).
    Removing stm32f10x_usart.o(i.USART_SetGuardTime), (16 bytes).
    Removing stm32f10x_usart.o(i.USART_SetPrescaler), (16 bytes).
    Removing stm32f10x_usart.o(i.USART_SmartCardCmd), (20 bytes).
    Removing stm32f10x_usart.o(i.USART_SmartCardNACKCmd), (20 bytes).
    Removing stm32f10x_usart.o(i.USART_StructInit), (22 bytes).
    Removing stm32f10x_usart.o(i.USART_WakeUpConfig), (16 bytes).
    Removing misc.o(i.NVIC_Init), (100 bytes).
    Removing misc.o(i.NVIC_SetVectorTable), (20 bytes).
    Removing misc.o(i.NVIC_SystemLPConfig), (24 bytes).
    Removing delay.o(i.delay_ms), (52 bytes).
    Removing sys.o(.emb_text), (6 bytes).
    Removing sys.o(i.INTX_DISABLE), (4 bytes).
    Removing sys.o(i.INTX_ENABLE), (4 bytes).
    Removing sys.o(i.WFI_SET), (4 bytes).
    Removing key.o(i.KEY_Init), (60 bytes).
    Removing key.o(i.KEY_Scan), (204 bytes).
    Removing key.o(.data), (1 bytes).
    Removing led.o(i.LED_Init), (80 bytes).
    Removing led.o(i.LED_set), (32 bytes).
    Removing m8266hostif_stm32xx.o(i.M8266HostIf_SPI_ReadWriteByte), (52 bytes).
    Removing m8266wifi_ops.o(i.M8266WIFI_Config_Connection_via_SPI), (28 bytes).
    Removing m8266wifi_ops.o(i.M8266WIFI_Sleep_Module), (20 bytes).
    Removing m8266wifi_ops.o(i.M8266WIFI_Sleep_module_for_some_time_and_then_wakeup_automatically), (46 bytes).
    Removing m8266wifi_ops.o(i.M8266WIFI_Wakeup_Module), (4 bytes).
    Removing system_stm32f10x.o(i.SystemCoreClockUpdate), (100 bytes).
    Removing M8266WIFIDrv_STM32F1xx.o(.text.7), (188 bytes).
    Removing M8266WIFIDrv_STM32F1xx.o(.text.11), (196 bytes).
    Removing M8266WIFIDrv_STM32F1xx.o(.text.17), (180 bytes).
    Removing M8266WIFIDrv_STM32F1xx.o(.text.19), (104 bytes).
    Removing M8266WIFIDrv_STM32F1xx.o(.text.16), (240 bytes).
    Removing M8266WIFIDrv_STM32F1xx.o(.text.M8266WIFI_SPI_Has_DataReceived), (18 bytes).
    Removing M8266WIFIDrv_STM32F1xx.o(.text.4), (596 bytes).
    Removing M8266WIFIDrv_STM32F1xx.o(.text.M8266WIFI_SPI_RecvData), (20 bytes).
    Removing M8266WIFIDrv_STM32F1xx.o(.text.M8266WIFI_SPI_RecvData_ex), (4 bytes).
    Removing M8266WIFIDrv_STM32F1xx.o(.text.M8266WIFI_SPI_STA_Fetch_Last_Scanned_Signals), (304 bytes).
    Removing M8266WIFIDrv_STM32F1xx.o(.text.21), (664 bytes).
    Removing M8266WIFIDrv_STM32F1xx.o(.text.M8266WIFI_SPI_STA_ScanSignals), (40 bytes).
    Removing M8266WIFIDrv_STM32F1xx.o(.text.M8266WIFI_SPI_STA_ScanSignalBySsid), (76 bytes).
    Removing M8266WIFIDrv_STM32F1xx.o(.text.M8266WIFI_SPI_STA_ScanSignalByBssid), (76 bytes).
    Removing M8266WIFIDrv_STM32F1xx.o(.text.M8266WIFI_SPI_Config_STA_StaticIpAddr), (164 bytes).
    Removing M8266WIFIDrv_STM32F1xx.o(.text.M8266WIFI_SPI_Enable_STA_Dhcpc), (56 bytes).
    Removing M8266WIFIDrv_STM32F1xx.o(.text.M8266WIFI_SPI_Query_AP_Param), (22 bytes).
    Removing M8266WIFIDrv_STM32F1xx.o(.text.M8266WIFI_SPI_Op_Multicuast_Group), (240 bytes).
    Removing M8266WIFIDrv_STM32F1xx.o(.text.M8266WIFI_SPI_Config_AP_Param), (24 bytes).
    Removing M8266WIFIDrv_STM32F1xx.o(.text.M8266WIFI_SPI_Config_AP), (404 bytes).
    Removing M8266WIFIDrv_STM32F1xx.o(.text.M8266WIFI_SPI_AP_List_STAs_Info), (300 bytes).
    Removing M8266WIFIDrv_STM32F1xx.o(.text.M8266WIFI_SPI_AP_Permit_Block_A_STA), (184 bytes).
    Removing M8266WIFIDrv_STM32F1xx.o(.text.M8266WIFI_SPI_AP_Config_PermitBlock_List), (208 bytes).
    Removing M8266WIFIDrv_STM32F1xx.o(.text.M8266WIFI_SPI_AP_Query_PermitBlock_List), (292 bytes).
    Removing M8266WIFIDrv_STM32F1xx.o(.text.M8266WIFI_SPI_Query_STA_Param), (200 bytes).
    Removing M8266WIFIDrv_STM32F1xx.o(.text.M8266WIFI_SPI_Query_STA_Dhcpc), (52 bytes).
    Removing M8266WIFIDrv_STM32F1xx.o(.text.M8266WIFI_SPI_DoModuleSmartConfig), (428 bytes).
    Removing M8266WIFIDrv_STM32F1xx.o(.text.M8266WIFI_SPI_StartWpsConfig), (82 bytes).
    Removing M8266WIFIDrv_STM32F1xx.o(.text.M8266WIFI_SPI_Disconnect_Connection), (48 bytes).
    Removing M8266WIFIDrv_STM32F1xx.o(.text.M8266WIFI_SPI_Disconnect_TcpClient), (64 bytes).
    Removing M8266WIFIDrv_STM32F1xx.o(.text.M8266WIFI_SPI_List_Clients_On_A_TCP_Server), (184 bytes).
    Removing M8266WIFIDrv_STM32F1xx.o(.text.M8266WIFI_SPI_Set_TcpServer_Auto_Discon_Timeout), (132 bytes).
    Removing M8266WIFIDrv_STM32F1xx.o(.text.M8266WIFI_SPI_Config_Tcp_Option), (24 bytes).
    Removing M8266WIFIDrv_STM32F1xx.o(.text.M8266WIFI_SPI_Query_Max_Clients_Allowed_To_A_Tcp_Server), (68 bytes).
    Removing M8266WIFIDrv_STM32F1xx.o(.text.M8266WIFI_SPI_Config_Max_Clients_Allowed_To_A_Tcp_Server), (56 bytes).
    Removing M8266WIFIDrv_STM32F1xx.o(.text.M8266WIFI_SPI_Query_Tcp_KeepAlive), (54 bytes).
    Removing M8266WIFIDrv_STM32F1xx.o(.text.M8266WIFI_SPI_Enbale_Tcp_KeepAlive), (34 bytes).
    Removing M8266WIFIDrv_STM32F1xx.o(.text.M8266WIFI_SPI_Query_Last_Tcp_Disconnect_Cause), (26 bytes).
    Removing M8266WIFIDrv_STM32F1xx.o(.text.M8266WIFI_SPI_Query_Tcp_Send_Retry_Max), (26 bytes).
    Removing M8266WIFIDrv_STM32F1xx.o(.text.M8266WIFI_SPI_Config_Tcp_Retran_Max), (24 bytes).
    Removing M8266WIFIDrv_STM32F1xx.o(.text.M8266WIFI_SPI_Query_Buff_Data_Invalid_Time_After_Disconnect), (26 bytes).
    Removing M8266WIFIDrv_STM32F1xx.o(.text.M8266WIFI_SPI_Config_Buff_Data_Invalid_Time_After_Disconnect), (24 bytes).
    Removing M8266WIFIDrv_STM32F1xx.o(.text.M8266WIFI_SPI_Get_STA_Hostname), (164 bytes).
    Removing M8266WIFIDrv_STM32F1xx.o(.text.M8266WIFI_SPI_Set_STA_Hostname), (244 bytes).
    Removing M8266WIFIDrv_STM32F1xx.o(.text.M8266WIFI_SPI_Set_Tx_Max_Power), (100 bytes).
    Removing M8266WIFIDrv_STM32F1xx.o(.text.M8266WIFI_SPI_Sleep_Module), (126 bytes).
    Removing M8266WIFIDrv_STM32F1xx.o(.text.M8266WIFI_SPI_Module_Query_Uart_Txd_Rxd_Enability), (128 bytes).
    Removing M8266WIFIDrv_STM32F1xx.o(.text.M8266WIFI_SPI_Module_Uart_Txd_Rxd_Disable), (132 bytes).
    Removing M8266WIFIDrv_STM32F1xx.o(.text.M8266WIFI_SPI_Module_Query_LedsFlashOnBoot), (120 bytes).
    Removing M8266WIFIDrv_STM32F1xx.o(.text.M8266WIFI_SPI_Module_Config_LedsFlashOnBoot), (120 bytes).
    Removing M8266WIFIDrv_STM32F1xx.o(.text.M8266WIFI_SPI_Module_Query_Wifi_Inidcator), (160 bytes).
    Removing M8266WIFIDrv_STM32F1xx.o(.text.M8266WIFI_SPI_Module_Config_Wifi_Inidcator), (160 bytes).
    Removing M8266WIFIDrv_STM32F1xx.o(.text.M8266WIFI_SPI_Module_Query_Wifi_Rx_Interrupt_Trigger), (176 bytes).
    Removing M8266WIFIDrv_STM32F1xx.o(.text.M8266WIFI_SPI_Module_Config_Wifi_Rx_Interrupt_Trigger), (164 bytes).
    Removing M8266WIFIDrv_STM32F1xx.o(.text.M8266WIFI_SPI_Query_Module_Gpio_Mode), (140 bytes).
    Removing M8266WIFIDrv_STM32F1xx.o(.text.M8266WIFI_SPI_Config_Module_Gpio_Mode), (140 bytes).
    Removing M8266WIFIDrv_STM32F1xx.o(.text.M8266WIFI_SPI_Read_Module_Gpio), (144 bytes).
    Removing M8266WIFIDrv_STM32F1xx.o(.text.M8266WIFI_SPI_Write_Module_Gpio), (160 bytes).
    Removing M8266WIFIDrv_STM32F1xx.o(.text.M8266WIFI_SPI_Read_Module_Adc), (140 bytes).
    Removing M8266WIFIDrv_STM32F1xx.o(.text.M8266WIFI_SPI_Read_On_Module_Flash), (212 bytes).
    Removing M8266WIFIDrv_STM32F1xx.o(.text.M8266WIFI_SPI_Write_On_Module_Flash), (244 bytes).
    Removing M8266WIFIDrv_STM32F1xx.o(.text.M8266WIFI_SPI_Store_SSL_Certificates), (196 bytes).
    Removing M8266WIFIDrv_STM32F1xx.o(.text.M8266WIFI_SPI_Query_Freq_Offset), (8 bytes).
    Removing M8266WIFIDrv_STM32F1xx.o(.text.M8266WIFI_SPI_Update_Freq_Offset), (24 bytes).
    Removing M8266WIFIDrv_STM32F1xx.o(.text.M8266WIFI_SPI_Restore_Module_to_Default), (104 bytes).
    Removing M8266WIFIDrv_STM32F1xx.o(.text.M8266WIFI_SPI_Reset_Module), (136 bytes).
    Removing M8266WIFIDrv_STM32F1xx.o(.text.M8266WIFI_SPI_Set_WebServer), (18 bytes).
    Removing M8266WIFIDrv_STM32F1xx.o(.text.M8266WIFI_SPI_Query_Web_Server_Info), (224 bytes).
    Removing M8266WIFIDrv_STM32F1xx.o(.text.M8266WIFI_SPI_Set_WebServer_OpRightCode), (112 bytes).
    Removing M8266WIFIDrv_STM32F1xx.o(.text.M8266WIFI_SPI_Enable_Web_Advertise), (108 bytes).
    Removing M8266WIFIDrv_STM32F1xx.o(.text.M8266WIFI_SPI_Enable_Wap_Style), (120 bytes).
    Removing M8266WIFIDrv_STM32F1xx.o(.text.M8266WIFI_SPI_Query_Wap_Style), (116 bytes).
    Removing M8266WIFIDrv_STM32F1xx.o(.text.M8266WIFI_SPI_Set_Web_CLogo), (160 bytes).
    Removing M8266WIFIDrv_STM32F1xx.o(.text.M8266WIFI_SPI_StartDns), (120 bytes).
    Removing M8266WIFIDrv_STM32F1xx.o(.text.M8266WIFI_SPI_QueryDns), (128 bytes).
    Removing M8266WIFIDrv_STM32F1xx.o(.text.M8266WIFI_SPI_Module_OTA_UserImg_Query), (100 bytes).
    Removing M8266WIFIDrv_STM32F1xx.o(.text.M8266WIFI_SPI_Module_OTA_UserImg_Select), (132 bytes).
    Removing M8266WIFIDrv_STM32F1xx.o(.text.M8266WIFI_SPI_Module_OTA_Start_Ota), (144 bytes).
    Removing M8266WIFIDrv_STM32F1xx.o(.text.M8266WIFI_SPI_Module_OTA), (304 bytes).
    Removing M8266WIFIDrv_STM32F1xx.o(.text.M8266WIFI_SPI_Get_Driver_Info), (40 bytes).

314 unused section(s) (total 19307 bytes) removed from the image.

==============================================================================

Image Symbol Table

    Local Symbols

    Symbol Name                              Value     Ov Type        Size  Object(Section)

    ../clib/angel/boardlib.s                 0x00000000   Number         0  boardinit3.o ABSOLUTE
    ../clib/angel/boardlib.s                 0x00000000   Number         0  boardinit1.o ABSOLUTE
    ../clib/angel/boardlib.s                 0x00000000   Number         0  boardinit2.o ABSOLUTE
    ../clib/angel/boardlib.s                 0x00000000   Number         0  boardshut.o ABSOLUTE
    ../clib/angel/handlers.s                 0x00000000   Number         0  __scatter_zi.o ABSOLUTE
    ../clib/angel/handlers.s                 0x00000000   Number         0  __scatter_copy.o ABSOLUTE
    ../clib/angel/kernel.s                   0x00000000   Number         0  rtexit2.o ABSOLUTE
    ../clib/angel/kernel.s                   0x00000000   Number         0  rtexit.o ABSOLUTE
    ../clib/angel/kernel.s                   0x00000000   Number         0  __rtentry4.o ABSOLUTE
    ../clib/angel/kernel.s                   0x00000000   Number         0  __rtentry2.o ABSOLUTE
    ../clib/angel/kernel.s                   0x00000000   Number         0  __rtentry.o ABSOLUTE
    ../clib/angel/rt.s                       0x00000000   Number         0  rt_fp_status_addr.o ABSOLUTE
    ../clib/angel/rt.s                       0x00000000   Number         0  rt_raise.o ABSOLUTE
    ../clib/angel/rt.s                       0x00000000   Number         0  rt_fp_status_addr_intlibspace.o ABSOLUTE
    ../clib/angel/scatter.s                  0x00000000   Number         0  __scatter.o ABSOLUTE
    ../clib/angel/startup.s                  0x00000000   Number         0  __main.o ABSOLUTE
    ../clib/angel/sys.s                      0x00000000   Number         0  sys_stackheap_outer.o ABSOLUTE
    ../clib/angel/sys.s                      0x00000000   Number         0  libspace.o ABSOLUTE
    ../clib/angel/sys.s                      0x00000000   Number         0  use_no_semi.o ABSOLUTE
    ../clib/angel/sys.s                      0x00000000   Number         0  indicate_semi.o ABSOLUTE
    ../clib/angel/sysapp.c                   0x00000000   Number         0  sys_command.o ABSOLUTE
    ../clib/angel/sysapp.c                   0x00000000   Number         0  sys_wrch.o ABSOLUTE
    ../clib/angel/sysapp.c                   0x00000000   Number         0  sys_exit.o ABSOLUTE
    ../clib/armsys.c                         0x00000000   Number         0  no_argv.o ABSOLUTE
    ../clib/armsys.c                         0x00000000   Number         0  _get_argv_nomalloc.o ABSOLUTE
    ../clib/armsys.c                         0x00000000   Number         0  argv_veneer.o ABSOLUTE
    ../clib/armsys.c                         0x00000000   Number         0  argv_veneer.o ABSOLUTE
    ../clib/heapalloc.c                      0x00000000   Number         0  hrguard.o ABSOLUTE
    ../clib/heapaux.c                        0x00000000   Number         0  heapauxi.o ABSOLUTE
    ../clib/libinit.s                        0x00000000   Number         0  libinit2.o ABSOLUTE
    ../clib/libinit.s                        0x00000000   Number         0  libshutdown.o ABSOLUTE
    ../clib/libinit.s                        0x00000000   Number         0  libshutdown2.o ABSOLUTE
    ../clib/libinit.s                        0x00000000   Number         0  libinit.o ABSOLUTE
    ../clib/memcpset.s                       0x00000000   Number         0  strcmpv7m.o ABSOLUTE
    ../clib/memcpset.s                       0x00000000   Number         0  rt_memclr_w.o ABSOLUTE
    ../clib/signal.c                         0x00000000   Number         0  defsig_general.o ABSOLUTE
    ../clib/signal.c                         0x00000000   Number         0  defsig_rtmem_inner.o ABSOLUTE
    ../clib/signal.c                         0x00000000   Number         0  defsig_rtred_inner.o ABSOLUTE
    ../clib/signal.c                         0x00000000   Number         0  defsig_segv_inner.o ABSOLUTE
    ../clib/signal.c                         0x00000000   Number         0  defsig_rtmem_outer.o ABSOLUTE
    ../clib/signal.c                         0x00000000   Number         0  defsig_cppl_inner.o ABSOLUTE
    ../clib/signal.c                         0x00000000   Number         0  defsig_pvfn_inner.o ABSOLUTE
    ../clib/signal.c                         0x00000000   Number         0  defsig_stak_inner.o ABSOLUTE
    ../clib/signal.c                         0x00000000   Number         0  defsig_rtmem_formal.o ABSOLUTE
    ../clib/signal.c                         0x00000000   Number         0  defsig_other.o ABSOLUTE
    ../clib/signal.c                         0x00000000   Number         0  defsig_fpe_inner.o ABSOLUTE
    ../clib/signal.c                         0x00000000   Number         0  defsig_abrt_inner.o ABSOLUTE
    ../clib/signal.c                         0x00000000   Number         0  defsig_exit.o ABSOLUTE
    ../clib/signal.c                         0x00000000   Number         0  __raise.o ABSOLUTE
    ../clib/signal.s                         0x00000000   Number         0  defsig.o ABSOLUTE
    ../clib/stdlib.c                         0x00000000   Number         0  exit.o ABSOLUTE
    ../fplib/fpinit.s                        0x00000000   Number         0  fpinit.o ABSOLUTE
    ..\CORE\core_cm3.c                       0x00000000   Number         0  core_cm3.o ABSOLUTE
    ..\CORE\startup_stm32f10x_hd.s           0x00000000   Number         0  startup_stm32f10x_hd.o ABSOLUTE
    ..\FWLIB\src\misc.c                      0x00000000   Number         0  misc.o ABSOLUTE
    ..\FWLIB\src\stm32f10x_exti.c            0x00000000   Number         0  stm32f10x_exti.o ABSOLUTE
    ..\FWLIB\src\stm32f10x_fsmc.c            0x00000000   Number         0  stm32f10x_fsmc.o ABSOLUTE
    ..\FWLIB\src\stm32f10x_gpio.c            0x00000000   Number         0  stm32f10x_gpio.o ABSOLUTE
    ..\FWLIB\src\stm32f10x_rcc.c             0x00000000   Number         0  stm32f10x_rcc.o ABSOLUTE
    ..\FWLIB\src\stm32f10x_spi.c             0x00000000   Number         0  stm32f10x_spi.o ABSOLUTE
    ..\FWLIB\src\stm32f10x_tim.c             0x00000000   Number         0  stm32f10x_tim.o ABSOLUTE
    ..\FWLIB\src\stm32f10x_usart.c           0x00000000   Number         0  stm32f10x_usart.o ABSOLUTE
    ..\HARDWARE\KEY\key.c                    0x00000000   Number         0  key.o ABSOLUTE
    ..\HARDWARE\LED\led.c                    0x00000000   Number         0  led.o ABSOLUTE
    ..\M8266WIFI\M8266HostIf_STM32xx.c       0x00000000   Number         0  m8266hostif_stm32xx.o ABSOLUTE
    ..\M8266WIFI\M8266WIFI_Ops.c             0x00000000   Number         0  m8266wifi_ops.o ABSOLUTE
    ..\M8266WIFI\test_m8266wifi.c            0x00000000   Number         0  test_m8266wifi.o ABSOLUTE
    ..\SYSTEM\delay\delay.c                  0x00000000   Number         0  delay.o ABSOLUTE
    ..\SYSTEM\sys\sys.c                      0x00000000   Number         0  sys.o ABSOLUTE
    ..\\CORE\\core_cm3.c                     0x00000000   Number         0  core_cm3.o ABSOLUTE
    ..\\SYSTEM\\sys\\sys.c                   0x00000000   Number         0  sys.o ABSOLUTE
    dc.s                                     0x00000000   Number         0  dc.o ABSOLUTE
    main.c                                   0x00000000   Number         0  main.o ABSOLUTE
    stm32f10x_it.c                           0x00000000   Number         0  stm32f10x_it.o ABSOLUTE
    system_stm32f10x.c                       0x00000000   Number         0  system_stm32f10x.o ABSOLUTE
    RESET                                    0x08000000   Section      304  startup_stm32f10x_hd.o(RESET)
    !!!main                                  0x08000130   Section        8  __main.o(!!!main)
    !!!scatter                               0x08000138   Section       52  __scatter.o(!!!scatter)
    !!handler_copy                           0x0800016c   Section       26  __scatter_copy.o(!!handler_copy)
    !!handler_zi                             0x08000188   Section       28  __scatter_zi.o(!!handler_zi)
    .ARM.Collect$$libinit$$00000000          0x080001a4   Section        2  libinit.o(.ARM.Collect$$libinit$$00000000)
    .ARM.Collect$$libinit$$00000001          0x080001a6   Section        4  libinit2.o(.ARM.Collect$$libinit$$00000001)
    .ARM.Collect$$libinit$$00000004          0x080001aa   Section        0  libinit2.o(.ARM.Collect$$libinit$$00000004)
    .ARM.Collect$$libinit$$0000000A          0x080001aa   Section        0  libinit2.o(.ARM.Collect$$libinit$$0000000A)
    .ARM.Collect$$libinit$$0000000C          0x080001aa   Section        0  libinit2.o(.ARM.Collect$$libinit$$0000000C)
    .ARM.Collect$$libinit$$0000000E          0x080001aa   Section        0  libinit2.o(.ARM.Collect$$libinit$$0000000E)
    .ARM.Collect$$libinit$$00000011          0x080001aa   Section        0  libinit2.o(.ARM.Collect$$libinit$$00000011)
    .ARM.Collect$$libinit$$00000013          0x080001aa   Section        0  libinit2.o(.ARM.Collect$$libinit$$00000013)
    .ARM.Collect$$libinit$$00000015          0x080001aa   Section        0  libinit2.o(.ARM.Collect$$libinit$$00000015)
    .ARM.Collect$$libinit$$00000017          0x080001aa   Section        0  libinit2.o(.ARM.Collect$$libinit$$00000017)
    .ARM.Collect$$libinit$$00000019          0x080001aa   Section        0  libinit2.o(.ARM.Collect$$libinit$$00000019)
    .ARM.Collect$$libinit$$0000001B          0x080001aa   Section        0  libinit2.o(.ARM.Collect$$libinit$$0000001B)
    .ARM.Collect$$libinit$$0000001D          0x080001aa   Section        0  libinit2.o(.ARM.Collect$$libinit$$0000001D)
    .ARM.Collect$$libinit$$0000001F          0x080001aa   Section        0  libinit2.o(.ARM.Collect$$libinit$$0000001F)
    .ARM.Collect$$libinit$$00000021          0x080001aa   Section        0  libinit2.o(.ARM.Collect$$libinit$$00000021)
    .ARM.Collect$$libinit$$00000023          0x080001aa   Section        0  libinit2.o(.ARM.Collect$$libinit$$00000023)
    .ARM.Collect$$libinit$$00000025          0x080001aa   Section        0  libinit2.o(.ARM.Collect$$libinit$$00000025)
    .ARM.Collect$$libinit$$0000002C          0x080001aa   Section        0  libinit2.o(.ARM.Collect$$libinit$$0000002C)
    .ARM.Collect$$libinit$$0000002E          0x080001aa   Section        0  libinit2.o(.ARM.Collect$$libinit$$0000002E)
    .ARM.Collect$$libinit$$00000030          0x080001aa   Section        0  libinit2.o(.ARM.Collect$$libinit$$00000030)
    .ARM.Collect$$libinit$$00000032          0x080001aa   Section        0  libinit2.o(.ARM.Collect$$libinit$$00000032)
    .ARM.Collect$$libinit$$00000033          0x080001aa   Section        2  libinit2.o(.ARM.Collect$$libinit$$00000033)
    .ARM.Collect$$libshutdown$$00000000      0x080001ac   Section        2  libshutdown.o(.ARM.Collect$$libshutdown$$00000000)
    .ARM.Collect$$libshutdown$$00000002      0x080001ae   Section        0  libshutdown2.o(.ARM.Collect$$libshutdown$$00000002)
    .ARM.Collect$$libshutdown$$00000004      0x080001ae   Section        0  libshutdown2.o(.ARM.Collect$$libshutdown$$00000004)
    .ARM.Collect$$libshutdown$$00000007      0x080001ae   Section        0  libshutdown2.o(.ARM.Collect$$libshutdown$$00000007)
    .ARM.Collect$$libshutdown$$0000000A      0x080001ae   Section        0  libshutdown2.o(.ARM.Collect$$libshutdown$$0000000A)
    .ARM.Collect$$libshutdown$$0000000C      0x080001ae   Section        0  libshutdown2.o(.ARM.Collect$$libshutdown$$0000000C)
    .ARM.Collect$$libshutdown$$0000000F      0x080001ae   Section        0  libshutdown2.o(.ARM.Collect$$libshutdown$$0000000F)
    .ARM.Collect$$libshutdown$$00000010      0x080001ae   Section        2  libshutdown2.o(.ARM.Collect$$libshutdown$$00000010)
    .ARM.Collect$$rtentry$$00000000          0x080001b0   Section        0  __rtentry.o(.ARM.Collect$$rtentry$$00000000)
    .ARM.Collect$$rtentry$$00000002          0x080001b0   Section        0  __rtentry2.o(.ARM.Collect$$rtentry$$00000002)
    .ARM.Collect$$rtentry$$00000004          0x080001b0   Section        6  __rtentry4.o(.ARM.Collect$$rtentry$$00000004)
    .ARM.Collect$$rtentry$$00000009          0x080001b6   Section        0  __rtentry2.o(.ARM.Collect$$rtentry$$00000009)
    .ARM.Collect$$rtentry$$0000000A          0x080001b6   Section        4  __rtentry2.o(.ARM.Collect$$rtentry$$0000000A)
    .ARM.Collect$$rtentry$$0000000C          0x080001ba   Section        0  __rtentry2.o(.ARM.Collect$$rtentry$$0000000C)
    .ARM.Collect$$rtentry$$0000000D          0x080001ba   Section        8  __rtentry2.o(.ARM.Collect$$rtentry$$0000000D)
    .ARM.Collect$$rtexit$$00000000           0x080001c2   Section        2  rtexit.o(.ARM.Collect$$rtexit$$00000000)
    .ARM.Collect$$rtexit$$00000002           0x080001c4   Section        0  rtexit2.o(.ARM.Collect$$rtexit$$00000002)
    .ARM.Collect$$rtexit$$00000003           0x080001c4   Section        4  rtexit2.o(.ARM.Collect$$rtexit$$00000003)
    .ARM.Collect$$rtexit$$00000004           0x080001c8   Section        6  rtexit2.o(.ARM.Collect$$rtexit$$00000004)
    .text                                    0x080001d0   Section       64  startup_stm32f10x_hd.o(.text)
    [Anonymous Symbol]                       0x08000210   Section        0  M8266WIFIDrv_STM32F1xx.o(.text)
    M8266WIFI_SPI_ffwsbza                    0x080002a1   Thumb Code    32  M8266WIFIDrv_STM32F1xx.o(.text)
    M8266WIFI_SPI_hjdxctmm                   0x080002c1   Thumb Code    32  M8266WIFIDrv_STM32F1xx.o(.text)
    M8266WIFI_SPI_ssut                       0x080002e1   Thumb Code   104  M8266WIFIDrv_STM32F1xx.o(.text)
    M8266WIFI_SPI_wscbf                      0x08000349   Thumb Code    60  M8266WIFIDrv_STM32F1xx.o(.text)
    M8266WIFI_SPI_twsfad                     0x08000385   Thumb Code    56  M8266WIFIDrv_STM32F1xx.o(.text)
    M8266WIFI_SPI_pirouaw                    0x080003bd   Thumb Code   256  M8266WIFIDrv_STM32F1xx.o(.text)
    M8266WIFI_SPI_szbcxstf.constprop.37      0x080004bd   Thumb Code   132  M8266WIFIDrv_STM32F1xx.o(.text)
    M8266WIFI_SPI_gbcwzsrf.constprop.38      0x08000541   Thumb Code   104  M8266WIFIDrv_STM32F1xx.o(.text)
    fvcp.constprop.39                        0x080005a9   Thumb Code    80  M8266WIFIDrv_STM32F1xx.o(.text)
    fvdnstap                                 0x080005f9   Thumb Code    38  M8266WIFIDrv_STM32F1xx.o(.text)
    M8266WIFI_SPI_skbldxsjxe                 0x0800061f   Thumb Code   386  M8266WIFIDrv_STM32F1xx.o(.text)
    M8266WIFI_SPI_ssmd                       0x080007a1   Thumb Code   164  M8266WIFIDrv_STM32F1xx.o(.text)
    .text                                    0x08000990   Section       78  rt_memclr_w.o(.text)
    .text                                    0x080009e0   Section      128  strcmpv7m.o(.text)
    .text                                    0x08000a60   Section        0  heapauxi.o(.text)
    .text                                    0x08000a66   Section       74  sys_stackheap_outer.o(.text)
    .text                                    0x08000ab0   Section        0  exit.o(.text)
    .text                                    0x08000ac4   Section        8  libspace.o(.text)
    .text                                    0x08000acc   Section        0  sys_exit.o(.text)
    .text                                    0x08000ad8   Section        8  rt_fp_status_addr_intlibspace.o(.text)
    .text                                    0x08000ae0   Section        2  use_no_semi.o(.text)
    .text                                    0x08000ae2   Section        0  indicate_semi.o(.text)
    [Anonymous Symbol]                       0x08000ae4   Section        0  M8266WIFIDrv_STM32F1xx.o(.text.1)
    M8266WIFI_SPI_sdfal                      0x08000ae5   Thumb Code   764  M8266WIFIDrv_STM32F1xx.o(.text.1)
    [Anonymous Symbol]                       0x08000de0   Section        0  M8266WIFIDrv_STM32F1xx.o(.text.12)
    M8266WIFI_SPI_qacal                      0x08000de1   Thumb Code   272  M8266WIFIDrv_STM32F1xx.o(.text.12)
    [Anonymous Symbol]                       0x08000ef0   Section        0  M8266WIFIDrv_STM32F1xx.o(.text.13)
    M8266WIFI_SPI_dlodc                      0x08000ef1   Thumb Code   362  M8266WIFIDrv_STM32F1xx.o(.text.13)
    [Anonymous Symbol]                       0x0800105c   Section        0  M8266WIFIDrv_STM32F1xx.o(.text.14)
    M8266WIFI_SPI_qtpsp                      0x0800105d   Thumb Code   256  M8266WIFIDrv_STM32F1xx.o(.text.14)
    [Anonymous Symbol]                       0x0800115c   Section        0  M8266WIFIDrv_STM32F1xx.o(.text.15)
    M8266WIFI_SPI_ctpsp                      0x0800115d   Thumb Code   208  M8266WIFIDrv_STM32F1xx.o(.text.15)
    [Anonymous Symbol]                       0x0800122c   Section        0  M8266WIFIDrv_STM32F1xx.o(.text.5)
    M8266WIFI_SPI_capstp                     0x0800122d   Thumb Code   244  M8266WIFIDrv_STM32F1xx.o(.text.5)
    [Anonymous Symbol]                       0x08001320   Section        0  M8266WIFIDrv_STM32F1xx.o(.text.9)
    M8266WIFI_SPI_sptdt                      0x08001321   Thumb Code   250  M8266WIFIDrv_STM32F1xx.o(.text.9)
    [Anonymous Symbol]                       0x0800141c   Section        0  M8266WIFIDrv_STM32F1xx.o(.text.M8266HostIf_SPI_Select)
    [Anonymous Symbol]                       0x080014ec   Section        0  M8266WIFIDrv_STM32F1xx.o(.text.M8266WIFI_SPI_Config_STA_Param)
    [Anonymous Symbol]                       0x08001504   Section        0  M8266WIFIDrv_STM32F1xx.o(.text.M8266WIFI_SPI_Config_Tcp_Window_num)
    [Anonymous Symbol]                       0x0800151c   Section        0  M8266WIFIDrv_STM32F1xx.o(.text.M8266WIFI_SPI_Delete_Connection)
    [Anonymous Symbol]                       0x08001532   Section        0  M8266WIFIDrv_STM32F1xx.o(.text.M8266WIFI_SPI_Get_Module_Info)
    [Anonymous Symbol]                       0x080015ce   Section        0  M8266WIFIDrv_STM32F1xx.o(.text.M8266WIFI_SPI_Get_Opmode)
    [Anonymous Symbol]                       0x0800161c   Section        0  M8266WIFIDrv_STM32F1xx.o(.text.M8266WIFI_SPI_Get_STA_Connection_Status)
    [Anonymous Symbol]                       0x0800166a   Section        0  M8266WIFIDrv_STM32F1xx.o(.text.M8266WIFI_SPI_Get_STA_IP_Addr)
    [Anonymous Symbol]                       0x080016d4   Section        0  M8266WIFIDrv_STM32F1xx.o(.text.M8266WIFI_SPI_Interface_Communication_OK)
    [Anonymous Symbol]                       0x08001718   Section        0  M8266WIFIDrv_STM32F1xx.o(.text.M8266WIFI_SPI_Query_Connection)
    [Anonymous Symbol]                       0x080017e8   Section        0  M8266WIFIDrv_STM32F1xx.o(.text.M8266WIFI_SPI_Query_Tcp_Mss)
    [Anonymous Symbol]                       0x08001862   Section        0  M8266WIFIDrv_STM32F1xx.o(.text.M8266WIFI_SPI_Query_Tcp_Window_num)
    [Anonymous Symbol]                       0x0800187c   Section        0  M8266WIFIDrv_STM32F1xx.o(.text.M8266WIFI_SPI_STA_Connect_Ap)
    [Anonymous Symbol]                       0x08001bc0   Section        0  M8266WIFIDrv_STM32F1xx.o(.text.M8266WIFI_SPI_STA_DisConnect_Ap)
    [Anonymous Symbol]                       0x08001c34   Section        0  M8266WIFIDrv_STM32F1xx.o(.text.M8266WIFI_SPI_STA_Get_HostIP_by_HostName)
    [Anonymous Symbol]                       0x08001ed0   Section        0  M8266WIFIDrv_STM32F1xx.o(.text.M8266WIFI_SPI_STA_Query_Current_SSID_And_RSSI)
    [Anonymous Symbol]                       0x08001f54   Section        0  M8266WIFIDrv_STM32F1xx.o(.text.M8266WIFI_SPI_Send_BlockData)
    [Anonymous Symbol]                       0x08002084   Section        0  M8266WIFIDrv_STM32F1xx.o(.text.M8266WIFI_SPI_Set_Opmode)
    [Anonymous Symbol]                       0x08002100   Section        0  M8266WIFIDrv_STM32F1xx.o(.text.M8266WIFI_SPI_Setup_Connection)
    i.BusFault_Handler                       0x08002324   Section        0  stm32f10x_it.o(i.BusFault_Handler)
    i.DebugMon_Handler                       0x08002326   Section        0  stm32f10x_it.o(i.DebugMon_Handler)
    i.GPIO_Init                              0x08002328   Section        0  stm32f10x_gpio.o(i.GPIO_Init)
    i.HardFault_Handler                      0x080023ca   Section        0  stm32f10x_it.o(i.HardFault_Handler)
    i.M8266HostIf_GPIO_CS_RESET_Init         0x080023cc   Section        0  m8266hostif_stm32xx.o(i.M8266HostIf_GPIO_CS_RESET_Init)
    i.M8266HostIf_Init                       0x0800241c   Section        0  m8266hostif_stm32xx.o(i.M8266HostIf_Init)
    i.M8266HostIf_SPI_Init                   0x0800242c   Section        0  m8266hostif_stm32xx.o(i.M8266HostIf_SPI_Init)
    i.M8266HostIf_SPI_SetSpeed               0x080024b8   Section        0  m8266hostif_stm32xx.o(i.M8266HostIf_SPI_SetSpeed)
    i.M8266HostIf_Set_SPI_nCS_Pin            0x080024d4   Section        0  m8266hostif_stm32xx.o(i.M8266HostIf_Set_SPI_nCS_Pin)
    i.M8266HostIf_Set_nRESET_Pin             0x080024e8   Section        0  m8266hostif_stm32xx.o(i.M8266HostIf_Set_nRESET_Pin)
    i.M8266HostIf_delay_us                   0x080024fc   Section        0  m8266hostif_stm32xx.o(i.M8266HostIf_delay_us)
    i.M8266WIFI_Module_Hardware_Reset        0x08002500   Section        0  m8266wifi_ops.o(i.M8266WIFI_Module_Hardware_Reset)
    i.M8266WIFI_Module_Init_Via_SPI          0x0800253c   Section        0  m8266wifi_ops.o(i.M8266WIFI_Module_Init_Via_SPI)
    i.M8266WIFI_Module_delay_ms              0x08002624   Section        0  m8266wifi_ops.o(i.M8266WIFI_Module_delay_ms)
    i.M8266WIFI_SPI_wait_sta_connecting_to_ap_and_get_ip 0x08002648   Section        0  m8266wifi_ops.o(i.M8266WIFI_SPI_wait_sta_connecting_to_ap_and_get_ip)
    i.M8266WIFI_Test                         0x08002694   Section        0  test_m8266wifi.o(i.M8266WIFI_Test)
    i.MemManage_Handler                      0x08002898   Section        0  stm32f10x_it.o(i.MemManage_Handler)
    i.NMI_Handler                            0x0800289a   Section        0  stm32f10x_it.o(i.NMI_Handler)
    i.NVIC_PriorityGroupConfig               0x0800289c   Section        0  misc.o(i.NVIC_PriorityGroupConfig)
    i.PendSV_Handler                         0x080028b0   Section        0  stm32f10x_it.o(i.PendSV_Handler)
    i.RCC_APB2PeriphClockCmd                 0x080028b4   Section        0  stm32f10x_rcc.o(i.RCC_APB2PeriphClockCmd)
    i.RCC_APB2PeriphResetCmd                 0x080028cc   Section        0  stm32f10x_rcc.o(i.RCC_APB2PeriphResetCmd)
    i.SPI_Cmd                                0x080028e4   Section        0  stm32f10x_spi.o(i.SPI_Cmd)
    i.SPI_Init                               0x080028f8   Section        0  stm32f10x_spi.o(i.SPI_Init)
    i.SVC_Handler                            0x08002930   Section        0  stm32f10x_it.o(i.SVC_Handler)
    i.SetSysClockTo72                        0x08002934   Section        0  system_stm32f10x.o(i.SetSysClockTo72)
    SetSysClockTo72                          0x08002935   Thumb Code   160  system_stm32f10x.o(i.SetSysClockTo72)
    i.SysTick_CLKSourceConfig                0x080029dc   Section        0  misc.o(i.SysTick_CLKSourceConfig)
    i.SysTick_Handler                        0x080029f4   Section        0  stm32f10x_it.o(i.SysTick_Handler)
    i.SystemInit                             0x080029f8   Section        0  system_stm32f10x.o(i.SystemInit)
    i.UsageFault_Handler                     0x08002a48   Section        0  stm32f10x_it.o(i.UsageFault_Handler)
    i.delay_init                             0x08002a4c   Section        0  delay.o(i.delay_init)
    i.delay_us                               0x08002a88   Section        0  delay.o(i.delay_us)
    i.main                                   0x08002abc   Section        0  main.o(i.main)
    x$fpl$fpinit                             0x08002ada   Section       14  fpinit.o(x$fpl$fpinit)
    [Anonymous Symbol]                       0x08002ae8   Section        0  M8266WIFIDrv_STM32F1xx.o(.rodata)
    [Anonymous Symbol]                       0x08002b08   Section        0  M8266WIFIDrv_STM32F1xx.o(.rodata.str1.1)
    .data                                    0x20000000   Section        4  delay.o(.data)
    fac_us                                   0x20000000   Data           1  delay.o(.data)
    fac_ms                                   0x20000002   Data           2  delay.o(.data)
    .data                                    0x20000004   Section       20  system_stm32f10x.o(.data)
    [Anonymous Symbol]                       0x20000018   Section        0  M8266WIFIDrv_STM32F1xx.o(.data)
    [Anonymous Symbol]                       0x20000030   Section        0  M8266WIFIDrv_STM32F1xx.o(.bss)
    .bss                                     0x20000038   Section       96  libspace.o(.bss)
    HEAP                                     0x20000098   Section      512  startup_stm32f10x_hd.o(HEAP)
    Heap_Mem                                 0x20000098   Data         512  startup_stm32f10x_hd.o(HEAP)
    STACK                                    0x20000298   Section     8192  startup_stm32f10x_hd.o(STACK)
    Stack_Mem                                0x20000298   Data        8192  startup_stm32f10x_hd.o(STACK)
    __initial_sp                             0x20002298   Data           0  startup_stm32f10x_hd.o(STACK)

    Global Symbols

    Symbol Name                              Value     Ov Type        Size  Object(Section)

    BuildAttributes$$THM_ISAv4$P$D$K$B$S$PE$A:L22UL41UL21$X:L11$S22US41US21$IEEE1$IW$USESV6$~STKCKD$USESV7$~SHL$OSPACE$ROPI$IEEEX$EBA8$UX$STANDARDLIB$REQ8$PRES8$EABIv2 0x00000000   Number         0  anon$$obj.o ABSOLUTE
    __ARM_use_no_argv                        0x00000000   Number         0  main.o ABSOLUTE
    __ARM_exceptions_init                     - Undefined Weak Reference
    __alloca_initialize                       - Undefined Weak Reference
    __arm_preinit_                            - Undefined Weak Reference
    __cpp_initialize__aeabi_                  - Undefined Weak Reference
    __cxa_finalize                            - Undefined Weak Reference
    __rt_locale                               - Undefined Weak Reference
    __sigvec_lookup                           - Undefined Weak Reference
    _atexit_init                              - Undefined Weak Reference
    _call_atexit_fns                          - Undefined Weak Reference
    _clock_init                               - Undefined Weak Reference
    _fp_trap_init                             - Undefined Weak Reference
    _fp_trap_shutdown                         - Undefined Weak Reference
    _get_lc_collate                           - Undefined Weak Reference
    _get_lc_ctype                             - Undefined Weak Reference
    _get_lc_monetary                          - Undefined Weak Reference
    _get_lc_numeric                           - Undefined Weak Reference
    _get_lc_time                              - Undefined Weak Reference
    _getenv_init                              - Undefined Weak Reference
    _handle_redirection                       - Undefined Weak Reference
    _init_alloc                               - Undefined Weak Reference
    _init_user_alloc                          - Undefined Weak Reference
    _initio                                   - Undefined Weak Reference
    _rand_init                                - Undefined Weak Reference
    _signal_finish                            - Undefined Weak Reference
    _signal_init                              - Undefined Weak Reference
    _terminate_alloc                          - Undefined Weak Reference
    _terminate_user_alloc                     - Undefined Weak Reference
    _terminateio                              - Undefined Weak Reference
    __Vectors_Size                           0x00000130   Number         0  startup_stm32f10x_hd.o ABSOLUTE
    __Vectors                                0x08000000   Data           4  startup_stm32f10x_hd.o(RESET)
    __Vectors_End                            0x08000130   Data           0  startup_stm32f10x_hd.o(RESET)
    __main                                   0x08000131   Thumb Code     8  __main.o(!!!main)
    __scatterload                            0x08000139   Thumb Code     0  __scatter.o(!!!scatter)
    __scatterload_rt2                        0x08000139   Thumb Code    44  __scatter.o(!!!scatter)
    __scatterload_rt2_thumb_only             0x08000139   Thumb Code     0  __scatter.o(!!!scatter)
    __scatterload_null                       0x08000147   Thumb Code     0  __scatter.o(!!!scatter)
    __scatterload_copy                       0x0800016d   Thumb Code    26  __scatter_copy.o(!!handler_copy)
    __scatterload_zeroinit                   0x08000189   Thumb Code    28  __scatter_zi.o(!!handler_zi)
    __rt_lib_init                            0x080001a5   Thumb Code     0  libinit.o(.ARM.Collect$$libinit$$00000000)
    __rt_lib_init_fp_1                       0x080001a7   Thumb Code     0  libinit2.o(.ARM.Collect$$libinit$$00000001)
    __rt_lib_init_alloca_1                   0x080001ab   Thumb Code     0  libinit2.o(.ARM.Collect$$libinit$$0000002E)
    __rt_lib_init_argv_1                     0x080001ab   Thumb Code     0  libinit2.o(.ARM.Collect$$libinit$$0000002C)
    __rt_lib_init_atexit_1                   0x080001ab   Thumb Code     0  libinit2.o(.ARM.Collect$$libinit$$0000001B)
    __rt_lib_init_clock_1                    0x080001ab   Thumb Code     0  libinit2.o(.ARM.Collect$$libinit$$00000021)
    __rt_lib_init_cpp_1                      0x080001ab   Thumb Code     0  libinit2.o(.ARM.Collect$$libinit$$00000032)
    __rt_lib_init_exceptions_1               0x080001ab   Thumb Code     0  libinit2.o(.ARM.Collect$$libinit$$00000030)
    __rt_lib_init_fp_trap_1                  0x080001ab   Thumb Code     0  libinit2.o(.ARM.Collect$$libinit$$0000001F)
    __rt_lib_init_getenv_1                   0x080001ab   Thumb Code     0  libinit2.o(.ARM.Collect$$libinit$$00000023)
    __rt_lib_init_heap_1                     0x080001ab   Thumb Code     0  libinit2.o(.ARM.Collect$$libinit$$0000000A)
    __rt_lib_init_lc_collate_1               0x080001ab   Thumb Code     0  libinit2.o(.ARM.Collect$$libinit$$00000011)
    __rt_lib_init_lc_ctype_1                 0x080001ab   Thumb Code     0  libinit2.o(.ARM.Collect$$libinit$$00000013)
    __rt_lib_init_lc_monetary_1              0x080001ab   Thumb Code     0  libinit2.o(.ARM.Collect$$libinit$$00000015)
    __rt_lib_init_lc_numeric_1               0x080001ab   Thumb Code     0  libinit2.o(.ARM.Collect$$libinit$$00000017)
    __rt_lib_init_lc_time_1                  0x080001ab   Thumb Code     0  libinit2.o(.ARM.Collect$$libinit$$00000019)
    __rt_lib_init_preinit_1                  0x080001ab   Thumb Code     0  libinit2.o(.ARM.Collect$$libinit$$00000004)
    __rt_lib_init_rand_1                     0x080001ab   Thumb Code     0  libinit2.o(.ARM.Collect$$libinit$$0000000E)
    __rt_lib_init_return                     0x080001ab   Thumb Code     0  libinit2.o(.ARM.Collect$$libinit$$00000033)
    __rt_lib_init_signal_1                   0x080001ab   Thumb Code     0  libinit2.o(.ARM.Collect$$libinit$$0000001D)
    __rt_lib_init_stdio_1                    0x080001ab   Thumb Code     0  libinit2.o(.ARM.Collect$$libinit$$00000025)
    __rt_lib_init_user_alloc_1               0x080001ab   Thumb Code     0  libinit2.o(.ARM.Collect$$libinit$$0000000C)
    __rt_lib_shutdown                        0x080001ad   Thumb Code     0  libshutdown.o(.ARM.Collect$$libshutdown$$00000000)
    __rt_lib_shutdown_cpp_1                  0x080001af   Thumb Code     0  libshutdown2.o(.ARM.Collect$$libshutdown$$00000002)
    __rt_lib_shutdown_fp_trap_1              0x080001af   Thumb Code     0  libshutdown2.o(.ARM.Collect$$libshutdown$$00000007)
    __rt_lib_shutdown_heap_1                 0x080001af   Thumb Code     0  libshutdown2.o(.ARM.Collect$$libshutdown$$0000000F)
    __rt_lib_shutdown_return                 0x080001af   Thumb Code     0  libshutdown2.o(.ARM.Collect$$libshutdown$$00000010)
    __rt_lib_shutdown_signal_1               0x080001af   Thumb Code     0  libshutdown2.o(.ARM.Collect$$libshutdown$$0000000A)
    __rt_lib_shutdown_stdio_1                0x080001af   Thumb Code     0  libshutdown2.o(.ARM.Collect$$libshutdown$$00000004)
    __rt_lib_shutdown_user_alloc_1           0x080001af   Thumb Code     0  libshutdown2.o(.ARM.Collect$$libshutdown$$0000000C)
    __rt_entry                               0x080001b1   Thumb Code     0  __rtentry.o(.ARM.Collect$$rtentry$$00000000)
    __rt_entry_presh_1                       0x080001b1   Thumb Code     0  __rtentry2.o(.ARM.Collect$$rtentry$$00000002)
    __rt_entry_sh                            0x080001b1   Thumb Code     0  __rtentry4.o(.ARM.Collect$$rtentry$$00000004)
    __rt_entry_li                            0x080001b7   Thumb Code     0  __rtentry2.o(.ARM.Collect$$rtentry$$0000000A)
    __rt_entry_postsh_1                      0x080001b7   Thumb Code     0  __rtentry2.o(.ARM.Collect$$rtentry$$00000009)
    __rt_entry_main                          0x080001bb   Thumb Code     0  __rtentry2.o(.ARM.Collect$$rtentry$$0000000D)
    __rt_entry_postli_1                      0x080001bb   Thumb Code     0  __rtentry2.o(.ARM.Collect$$rtentry$$0000000C)
    __rt_exit                                0x080001c3   Thumb Code     0  rtexit.o(.ARM.Collect$$rtexit$$00000000)
    __rt_exit_ls                             0x080001c5   Thumb Code     0  rtexit2.o(.ARM.Collect$$rtexit$$00000003)
    __rt_exit_prels_1                        0x080001c5   Thumb Code     0  rtexit2.o(.ARM.Collect$$rtexit$$00000002)
    __rt_exit_exit                           0x080001c9   Thumb Code     0  rtexit2.o(.ARM.Collect$$rtexit$$00000004)
    Reset_Handler                            0x080001d1   Thumb Code     8  startup_stm32f10x_hd.o(.text)
    ADC1_2_IRQHandler                        0x080001eb   Thumb Code     0  startup_stm32f10x_hd.o(.text)
    ADC3_IRQHandler                          0x080001eb   Thumb Code     0  startup_stm32f10x_hd.o(.text)
    CAN1_RX1_IRQHandler                      0x080001eb   Thumb Code     0  startup_stm32f10x_hd.o(.text)
    CAN1_SCE_IRQHandler                      0x080001eb   Thumb Code     0  startup_stm32f10x_hd.o(.text)
    DMA1_Channel1_IRQHandler                 0x080001eb   Thumb Code     0  startup_stm32f10x_hd.o(.text)
    DMA1_Channel2_IRQHandler                 0x080001eb   Thumb Code     0  startup_stm32f10x_hd.o(.text)
    DMA1_Channel3_IRQHandler                 0x080001eb   Thumb Code     0  startup_stm32f10x_hd.o(.text)
    DMA1_Channel4_IRQHandler                 0x080001eb   Thumb Code     0  startup_stm32f10x_hd.o(.text)
    DMA1_Channel5_IRQHandler                 0x080001eb   Thumb Code     0  startup_stm32f10x_hd.o(.text)
    DMA1_Channel6_IRQHandler                 0x080001eb   Thumb Code     0  startup_stm32f10x_hd.o(.text)
    DMA1_Channel7_IRQHandler                 0x080001eb   Thumb Code     0  startup_stm32f10x_hd.o(.text)
    DMA2_Channel1_IRQHandler                 0x080001eb   Thumb Code     0  startup_stm32f10x_hd.o(.text)
    DMA2_Channel2_IRQHandler                 0x080001eb   Thumb Code     0  startup_stm32f10x_hd.o(.text)
    DMA2_Channel3_IRQHandler                 0x080001eb   Thumb Code     0  startup_stm32f10x_hd.o(.text)
    DMA2_Channel4_5_IRQHandler               0x080001eb   Thumb Code     0  startup_stm32f10x_hd.o(.text)
    EXTI0_IRQHandler                         0x080001eb   Thumb Code     0  startup_stm32f10x_hd.o(.text)
    EXTI15_10_IRQHandler                     0x080001eb   Thumb Code     0  startup_stm32f10x_hd.o(.text)
    EXTI1_IRQHandler                         0x080001eb   Thumb Code     0  startup_stm32f10x_hd.o(.text)
    EXTI2_IRQHandler                         0x080001eb   Thumb Code     0  startup_stm32f10x_hd.o(.text)
    EXTI3_IRQHandler                         0x080001eb   Thumb Code     0  startup_stm32f10x_hd.o(.text)
    EXTI4_IRQHandler                         0x080001eb   Thumb Code     0  startup_stm32f10x_hd.o(.text)
    EXTI9_5_IRQHandler                       0x080001eb   Thumb Code     0  startup_stm32f10x_hd.o(.text)
    FLASH_IRQHandler                         0x080001eb   Thumb Code     0  startup_stm32f10x_hd.o(.text)
    FSMC_IRQHandler                          0x080001eb   Thumb Code     0  startup_stm32f10x_hd.o(.text)
    I2C1_ER_IRQHandler                       0x080001eb   Thumb Code     0  startup_stm32f10x_hd.o(.text)
    I2C1_EV_IRQHandler                       0x080001eb   Thumb Code     0  startup_stm32f10x_hd.o(.text)
    I2C2_ER_IRQHandler                       0x080001eb   Thumb Code     0  startup_stm32f10x_hd.o(.text)
    I2C2_EV_IRQHandler                       0x080001eb   Thumb Code     0  startup_stm32f10x_hd.o(.text)
    PVD_IRQHandler                           0x080001eb   Thumb Code     0  startup_stm32f10x_hd.o(.text)
    RCC_IRQHandler                           0x080001eb   Thumb Code     0  startup_stm32f10x_hd.o(.text)
    RTCAlarm_IRQHandler                      0x080001eb   Thumb Code     0  startup_stm32f10x_hd.o(.text)
    RTC_IRQHandler                           0x080001eb   Thumb Code     0  startup_stm32f10x_hd.o(.text)
    SDIO_IRQHandler                          0x080001eb   Thumb Code     0  startup_stm32f10x_hd.o(.text)
    SPI1_IRQHandler                          0x080001eb   Thumb Code     0  startup_stm32f10x_hd.o(.text)
    SPI2_IRQHandler                          0x080001eb   Thumb Code     0  startup_stm32f10x_hd.o(.text)
    SPI3_IRQHandler                          0x080001eb   Thumb Code     0  startup_stm32f10x_hd.o(.text)
    TAMPER_IRQHandler                        0x080001eb   Thumb Code     0  startup_stm32f10x_hd.o(.text)
    TIM1_BRK_IRQHandler                      0x080001eb   Thumb Code     0  startup_stm32f10x_hd.o(.text)
    TIM1_CC_IRQHandler                       0x080001eb   Thumb Code     0  startup_stm32f10x_hd.o(.text)
    TIM1_TRG_COM_IRQHandler                  0x080001eb   Thumb Code     0  startup_stm32f10x_hd.o(.text)
    TIM1_UP_IRQHandler                       0x080001eb   Thumb Code     0  startup_stm32f10x_hd.o(.text)
    TIM2_IRQHandler                          0x080001eb   Thumb Code     0  startup_stm32f10x_hd.o(.text)
    TIM3_IRQHandler                          0x080001eb   Thumb Code     0  startup_stm32f10x_hd.o(.text)
    TIM4_IRQHandler                          0x080001eb   Thumb Code     0  startup_stm32f10x_hd.o(.text)
    TIM5_IRQHandler                          0x080001eb   Thumb Code     0  startup_stm32f10x_hd.o(.text)
    TIM6_IRQHandler                          0x080001eb   Thumb Code     0  startup_stm32f10x_hd.o(.text)
    TIM7_IRQHandler                          0x080001eb   Thumb Code     0  startup_stm32f10x_hd.o(.text)
    TIM8_BRK_IRQHandler                      0x080001eb   Thumb Code     0  startup_stm32f10x_hd.o(.text)
    TIM8_CC_IRQHandler                       0x080001eb   Thumb Code     0  startup_stm32f10x_hd.o(.text)
    TIM8_TRG_COM_IRQHandler                  0x080001eb   Thumb Code     0  startup_stm32f10x_hd.o(.text)
    TIM8_UP_IRQHandler                       0x080001eb   Thumb Code     0  startup_stm32f10x_hd.o(.text)
    UART4_IRQHandler                         0x080001eb   Thumb Code     0  startup_stm32f10x_hd.o(.text)
    UART5_IRQHandler                         0x080001eb   Thumb Code     0  startup_stm32f10x_hd.o(.text)
    USART1_IRQHandler                        0x080001eb   Thumb Code     0  startup_stm32f10x_hd.o(.text)
    USART2_IRQHandler                        0x080001eb   Thumb Code     0  startup_stm32f10x_hd.o(.text)
    USART3_IRQHandler                        0x080001eb   Thumb Code     0  startup_stm32f10x_hd.o(.text)
    USBWakeUp_IRQHandler                     0x080001eb   Thumb Code     0  startup_stm32f10x_hd.o(.text)
    USB_HP_CAN1_TX_IRQHandler                0x080001eb   Thumb Code     0  startup_stm32f10x_hd.o(.text)
    USB_LP_CAN1_RX0_IRQHandler               0x080001eb   Thumb Code     0  startup_stm32f10x_hd.o(.text)
    WWDG_IRQHandler                          0x080001eb   Thumb Code     0  startup_stm32f10x_hd.o(.text)
    __user_initial_stackheap                 0x080001ed   Thumb Code     0  startup_stm32f10x_hd.o(.text)
    M8266WIFI_SPI_Interface_Communication_Stress_Test 0x08000845   Thumb Code    92  M8266WIFIDrv_STM32F1xx.o(.text)
    M8266WIFI_SPI_Send_Data                  0x080008a1   Thumb Code    20  M8266WIFIDrv_STM32F1xx.o(.text)
    M8266WIFI_SPI_Send_Udp_Data              0x080008b5   Thumb Code    60  M8266WIFIDrv_STM32F1xx.o(.text)
    M8266WIFI_SPI_Send_Data_to_TcpClient     0x080008f1   Thumb Code    68  M8266WIFIDrv_STM32F1xx.o(.text)
    M8266WIFI_SPI_StartModuleSmartConfig     0x08000935   Thumb Code    90  M8266WIFIDrv_STM32F1xx.o(.text)
    __aeabi_memclr4                          0x08000991   Thumb Code     0  rt_memclr_w.o(.text)
    __aeabi_memclr8                          0x08000991   Thumb Code     0  rt_memclr_w.o(.text)
    __rt_memclr_w                            0x08000991   Thumb Code    78  rt_memclr_w.o(.text)
    _memset_w                                0x08000995   Thumb Code     0  rt_memclr_w.o(.text)
    strcmp                                   0x080009e1   Thumb Code   128  strcmpv7m.o(.text)
    __use_two_region_memory                  0x08000a61   Thumb Code     2  heapauxi.o(.text)
    __rt_heap_escrow$2region                 0x08000a63   Thumb Code     2  heapauxi.o(.text)
    __rt_heap_expand$2region                 0x08000a65   Thumb Code     2  heapauxi.o(.text)
    __user_setup_stackheap                   0x08000a67   Thumb Code    74  sys_stackheap_outer.o(.text)
    exit                                     0x08000ab1   Thumb Code    18  exit.o(.text)
    __user_libspace                          0x08000ac5   Thumb Code     8  libspace.o(.text)
    __user_perproc_libspace                  0x08000ac5   Thumb Code     0  libspace.o(.text)
    __user_perthread_libspace                0x08000ac5   Thumb Code     0  libspace.o(.text)
    _sys_exit                                0x08000acd   Thumb Code     8  sys_exit.o(.text)
    __rt_fp_status_addr                      0x08000ad9   Thumb Code     8  rt_fp_status_addr_intlibspace.o(.text)
    __I$use$semihosting                      0x08000ae1   Thumb Code     0  use_no_semi.o(.text)
    __use_no_semihosting_swi                 0x08000ae1   Thumb Code     2  use_no_semi.o(.text)
    __semihosting_library_function           0x08000ae3   Thumb Code     0  indicate_semi.o(.text)
    M8266HostIf_SPI_Select                   0x0800141d   Thumb Code   208  M8266WIFIDrv_STM32F1xx.o(.text.M8266HostIf_SPI_Select)
    M8266WIFI_SPI_Config_STA_Param           0x080014ed   Thumb Code    24  M8266WIFIDrv_STM32F1xx.o(.text.M8266WIFI_SPI_Config_STA_Param)
    M8266WIFI_SPI_Config_Tcp_Window_num      0x08001505   Thumb Code    24  M8266WIFIDrv_STM32F1xx.o(.text.M8266WIFI_SPI_Config_Tcp_Window_num)
    M8266WIFI_SPI_Delete_Connection          0x0800151d   Thumb Code    22  M8266WIFIDrv_STM32F1xx.o(.text.M8266WIFI_SPI_Delete_Connection)
    M8266WIFI_SPI_Get_Module_Info            0x08001533   Thumb Code   156  M8266WIFIDrv_STM32F1xx.o(.text.M8266WIFI_SPI_Get_Module_Info)
    M8266WIFI_SPI_Get_Opmode                 0x080015cf   Thumb Code    78  M8266WIFIDrv_STM32F1xx.o(.text.M8266WIFI_SPI_Get_Opmode)
    M8266WIFI_SPI_Get_STA_Connection_Status  0x0800161d   Thumb Code    78  M8266WIFIDrv_STM32F1xx.o(.text.M8266WIFI_SPI_Get_STA_Connection_Status)
    M8266WIFI_SPI_Get_STA_IP_Addr            0x0800166b   Thumb Code   106  M8266WIFIDrv_STM32F1xx.o(.text.M8266WIFI_SPI_Get_STA_IP_Addr)
    M8266WIFI_SPI_Interface_Communication_OK 0x080016d5   Thumb Code    68  M8266WIFIDrv_STM32F1xx.o(.text.M8266WIFI_SPI_Interface_Communication_OK)
    M8266WIFI_SPI_Query_Connection           0x08001719   Thumb Code   208  M8266WIFIDrv_STM32F1xx.o(.text.M8266WIFI_SPI_Query_Connection)
    M8266WIFI_SPI_Query_Tcp_Mss              0x080017e9   Thumb Code   122  M8266WIFIDrv_STM32F1xx.o(.text.M8266WIFI_SPI_Query_Tcp_Mss)
    M8266WIFI_SPI_Query_Tcp_Window_num       0x08001863   Thumb Code    26  M8266WIFIDrv_STM32F1xx.o(.text.M8266WIFI_SPI_Query_Tcp_Window_num)
    M8266WIFI_SPI_STA_Connect_Ap             0x0800187d   Thumb Code   834  M8266WIFIDrv_STM32F1xx.o(.text.M8266WIFI_SPI_STA_Connect_Ap)
    M8266WIFI_SPI_STA_DisConnect_Ap          0x08001bc1   Thumb Code   116  M8266WIFIDrv_STM32F1xx.o(.text.M8266WIFI_SPI_STA_DisConnect_Ap)
    M8266WIFI_SPI_STA_Get_HostIP_by_HostName 0x08001c35   Thumb Code   668  M8266WIFIDrv_STM32F1xx.o(.text.M8266WIFI_SPI_STA_Get_HostIP_by_HostName)
    M8266WIFI_SPI_STA_Query_Current_SSID_And_RSSI 0x08001ed1   Thumb Code   132  M8266WIFIDrv_STM32F1xx.o(.text.M8266WIFI_SPI_STA_Query_Current_SSID_And_RSSI)
    M8266WIFI_SPI_Send_BlockData             0x08001f55   Thumb Code   304  M8266WIFIDrv_STM32F1xx.o(.text.M8266WIFI_SPI_Send_BlockData)
    M8266WIFI_SPI_Set_Opmode                 0x08002085   Thumb Code   124  M8266WIFIDrv_STM32F1xx.o(.text.M8266WIFI_SPI_Set_Opmode)
    M8266WIFI_SPI_Setup_Connection           0x08002101   Thumb Code   548  M8266WIFIDrv_STM32F1xx.o(.text.M8266WIFI_SPI_Setup_Connection)
    BusFault_Handler                         0x08002325   Thumb Code     2  stm32f10x_it.o(i.BusFault_Handler)
    DebugMon_Handler                         0x08002327   Thumb Code     2  stm32f10x_it.o(i.DebugMon_Handler)
    GPIO_Init                                0x08002329   Thumb Code   162  stm32f10x_gpio.o(i.GPIO_Init)
    HardFault_Handler                        0x080023cb   Thumb Code     2  stm32f10x_it.o(i.HardFault_Handler)
    M8266HostIf_GPIO_CS_RESET_Init           0x080023cd   Thumb Code    76  m8266hostif_stm32xx.o(i.M8266HostIf_GPIO_CS_RESET_Init)
    M8266HostIf_Init                         0x0800241d   Thumb Code    14  m8266hostif_stm32xx.o(i.M8266HostIf_Init)
    M8266HostIf_SPI_Init                     0x0800242d   Thumb Code   132  m8266hostif_stm32xx.o(i.M8266HostIf_SPI_Init)
    M8266HostIf_SPI_SetSpeed                 0x080024b9   Thumb Code    24  m8266hostif_stm32xx.o(i.M8266HostIf_SPI_SetSpeed)
    M8266HostIf_Set_SPI_nCS_Pin              0x080024d5   Thumb Code    16  m8266hostif_stm32xx.o(i.M8266HostIf_Set_SPI_nCS_Pin)
    M8266HostIf_Set_nRESET_Pin               0x080024e9   Thumb Code    16  m8266hostif_stm32xx.o(i.M8266HostIf_Set_nRESET_Pin)
    M8266HostIf_delay_us                     0x080024fd   Thumb Code     4  m8266hostif_stm32xx.o(i.M8266HostIf_delay_us)
    M8266WIFI_Module_Hardware_Reset          0x08002501   Thumb Code    58  m8266wifi_ops.o(i.M8266WIFI_Module_Hardware_Reset)
    M8266WIFI_Module_Init_Via_SPI            0x0800253d   Thumb Code   200  m8266wifi_ops.o(i.M8266WIFI_Module_Init_Via_SPI)
    M8266WIFI_Module_delay_ms                0x08002625   Thumb Code    34  m8266wifi_ops.o(i.M8266WIFI_Module_delay_ms)
    M8266WIFI_SPI_wait_sta_connecting_to_ap_and_get_ip 0x08002649   Thumb Code    68  m8266wifi_ops.o(i.M8266WIFI_SPI_wait_sta_connecting_to_ap_and_get_ip)
    M8266WIFI_Test                           0x08002695   Thumb Code   500  test_m8266wifi.o(i.M8266WIFI_Test)
    MemManage_Handler                        0x08002899   Thumb Code     2  stm32f10x_it.o(i.MemManage_Handler)
    NMI_Handler                              0x0800289b   Thumb Code     2  stm32f10x_it.o(i.NMI_Handler)
    NVIC_PriorityGroupConfig                 0x0800289d   Thumb Code    10  misc.o(i.NVIC_PriorityGroupConfig)
    PendSV_Handler                           0x080028b1   Thumb Code     2  stm32f10x_it.o(i.PendSV_Handler)
    RCC_APB2PeriphClockCmd                   0x080028b5   Thumb Code    18  stm32f10x_rcc.o(i.RCC_APB2PeriphClockCmd)
    RCC_APB2PeriphResetCmd                   0x080028cd   Thumb Code    18  stm32f10x_rcc.o(i.RCC_APB2PeriphResetCmd)
    SPI_Cmd                                  0x080028e5   Thumb Code    20  stm32f10x_spi.o(i.SPI_Cmd)
    SPI_Init                                 0x080028f9   Thumb Code    56  stm32f10x_spi.o(i.SPI_Init)
    SVC_Handler                              0x08002931   Thumb Code     2  stm32f10x_it.o(i.SVC_Handler)
    SysTick_CLKSourceConfig                  0x080029dd   Thumb Code    24  misc.o(i.SysTick_CLKSourceConfig)
    SysTick_Handler                          0x080029f5   Thumb Code     2  stm32f10x_it.o(i.SysTick_Handler)
    SystemInit                               0x080029f9   Thumb Code    64  system_stm32f10x.o(i.SystemInit)
    UsageFault_Handler                       0x08002a49   Thumb Code     2  stm32f10x_it.o(i.UsageFault_Handler)
    delay_init                               0x08002a4d   Thumb Code    46  delay.o(i.delay_init)
    delay_us                                 0x08002a89   Thumb Code    46  delay.o(i.delay_us)
    main                                     0x08002abd   Thumb Code    30  main.o(i.main)
    _fp_init                                 0x08002adb   Thumb Code    14  fpinit.o(x$fpl$fpinit)
    __fplib_config_pureend_doubles           0x08002ae7   Thumb Code     0  fpinit.o(x$fpl$fpinit)
    Region$$Table$$Base                      0x08002b70   Number         0  anon$$obj.o(Region$$Table)
    Region$$Table$$Limit                     0x08002b90   Number         0  anon$$obj.o(Region$$Table)
    SystemCoreClock                          0x20000004   Data           4  system_stm32f10x.o(.data)
    AHBPrescTable                            0x20000008   Data          16  system_stm32f10x.o(.data)
    __libspace_start                         0x20000038   Data          96  libspace.o(.bss)
    __temporary_stack_top$libspace           0x20000098   Data           0  libspace.o(.bss)



==============================================================================

Memory Map of the image

  Image Entry point : 0x08000131

  Load Region LR_IROM1 (Base: 0x08000000, Size: 0x00002bc0, Max: 0x00020000, ABSOLUTE)

    Execution Region ER_IROM1 (Exec base: 0x08000000, Load base: 0x08000000, Size: 0x00002b90, Max: 0x00020000, ABSOLUTE)

    Exec Addr    Load Addr    Size         Type   Attr      Idx    E Section Name        Object

    0x08000000   0x08000000   0x00000130   Data   RO           19    RESET               startup_stm32f10x_hd.o
    0x08000130   0x08000130   0x00000008   Code   RO         2041  * !!!main             c_w.l(__main.o)
    0x08000138   0x08000138   0x00000034   Code   RO         2203    !!!scatter          c_w.l(__scatter.o)
    0x0800016c   0x0800016c   0x0000001a   Code   RO         2205    !!handler_copy      c_w.l(__scatter_copy.o)
    0x08000186   0x08000186   0x00000002   PAD
    0x08000188   0x08000188   0x0000001c   Code   RO         2207    !!handler_zi        c_w.l(__scatter_zi.o)
    0x080001a4   0x080001a4   0x00000002   Code   RO         2068    .ARM.Collect$$libinit$$00000000  c_w.l(libinit.o)
    0x080001a6   0x080001a6   0x00000004   Code   RO         2074    .ARM.Collect$$libinit$$00000001  c_w.l(libinit2.o)
    0x080001aa   0x080001aa   0x00000000   Code   RO         2077    .ARM.Collect$$libinit$$00000004  c_w.l(libinit2.o)
    0x080001aa   0x080001aa   0x00000000   Code   RO         2080    .ARM.Collect$$libinit$$0000000A  c_w.l(libinit2.o)
    0x080001aa   0x080001aa   0x00000000   Code   RO         2082    .ARM.Collect$$libinit$$0000000C  c_w.l(libinit2.o)
    0x080001aa   0x080001aa   0x00000000   Code   RO         2084    .ARM.Collect$$libinit$$0000000E  c_w.l(libinit2.o)
    0x080001aa   0x080001aa   0x00000000   Code   RO         2087    .ARM.Collect$$libinit$$00000011  c_w.l(libinit2.o)
    0x080001aa   0x080001aa   0x00000000   Code   RO         2089    .ARM.Collect$$libinit$$00000013  c_w.l(libinit2.o)
    0x080001aa   0x080001aa   0x00000000   Code   RO         2091    .ARM.Collect$$libinit$$00000015  c_w.l(libinit2.o)
    0x080001aa   0x080001aa   0x00000000   Code   RO         2093    .ARM.Collect$$libinit$$00000017  c_w.l(libinit2.o)
    0x080001aa   0x080001aa   0x00000000   Code   RO         2095    .ARM.Collect$$libinit$$00000019  c_w.l(libinit2.o)
    0x080001aa   0x080001aa   0x00000000   Code   RO         2097    .ARM.Collect$$libinit$$0000001B  c_w.l(libinit2.o)
    0x080001aa   0x080001aa   0x00000000   Code   RO         2099    .ARM.Collect$$libinit$$0000001D  c_w.l(libinit2.o)
    0x080001aa   0x080001aa   0x00000000   Code   RO         2101    .ARM.Collect$$libinit$$0000001F  c_w.l(libinit2.o)
    0x080001aa   0x080001aa   0x00000000   Code   RO         2103    .ARM.Collect$$libinit$$00000021  c_w.l(libinit2.o)
    0x080001aa   0x080001aa   0x00000000   Code   RO         2105    .ARM.Collect$$libinit$$00000023  c_w.l(libinit2.o)
    0x080001aa   0x080001aa   0x00000000   Code   RO         2107    .ARM.Collect$$libinit$$00000025  c_w.l(libinit2.o)
    0x080001aa   0x080001aa   0x00000000   Code   RO         2111    .ARM.Collect$$libinit$$0000002C  c_w.l(libinit2.o)
    0x080001aa   0x080001aa   0x00000000   Code   RO         2113    .ARM.Collect$$libinit$$0000002E  c_w.l(libinit2.o)
    0x080001aa   0x080001aa   0x00000000   Code   RO         2115    .ARM.Collect$$libinit$$00000030  c_w.l(libinit2.o)
    0x080001aa   0x080001aa   0x00000000   Code   RO         2117    .ARM.Collect$$libinit$$00000032  c_w.l(libinit2.o)
    0x080001aa   0x080001aa   0x00000002   Code   RO         2118    .ARM.Collect$$libinit$$00000033  c_w.l(libinit2.o)
    0x080001ac   0x080001ac   0x00000002   Code   RO         2143    .ARM.Collect$$libshutdown$$00000000  c_w.l(libshutdown.o)
    0x080001ae   0x080001ae   0x00000000   Code   RO         2156    .ARM.Collect$$libshutdown$$00000002  c_w.l(libshutdown2.o)
    0x080001ae   0x080001ae   0x00000000   Code   RO         2158    .ARM.Collect$$libshutdown$$00000004  c_w.l(libshutdown2.o)
    0x080001ae   0x080001ae   0x00000000   Code   RO         2161    .ARM.Collect$$libshutdown$$00000007  c_w.l(libshutdown2.o)
    0x080001ae   0x080001ae   0x00000000   Code   RO         2164    .ARM.Collect$$libshutdown$$0000000A  c_w.l(libshutdown2.o)
    0x080001ae   0x080001ae   0x00000000   Code   RO         2166    .ARM.Collect$$libshutdown$$0000000C  c_w.l(libshutdown2.o)
    0x080001ae   0x080001ae   0x00000000   Code   RO         2169    .ARM.Collect$$libshutdown$$0000000F  c_w.l(libshutdown2.o)
    0x080001ae   0x080001ae   0x00000002   Code   RO         2170    .ARM.Collect$$libshutdown$$00000010  c_w.l(libshutdown2.o)
    0x080001b0   0x080001b0   0x00000000   Code   RO         2043    .ARM.Collect$$rtentry$$00000000  c_w.l(__rtentry.o)
    0x080001b0   0x080001b0   0x00000000   Code   RO         2045    .ARM.Collect$$rtentry$$00000002  c_w.l(__rtentry2.o)
    0x080001b0   0x080001b0   0x00000006   Code   RO         2057    .ARM.Collect$$rtentry$$00000004  c_w.l(__rtentry4.o)
    0x080001b6   0x080001b6   0x00000000   Code   RO         2047    .ARM.Collect$$rtentry$$00000009  c_w.l(__rtentry2.o)
    0x080001b6   0x080001b6   0x00000004   Code   RO         2048    .ARM.Collect$$rtentry$$0000000A  c_w.l(__rtentry2.o)
    0x080001ba   0x080001ba   0x00000000   Code   RO         2050    .ARM.Collect$$rtentry$$0000000C  c_w.l(__rtentry2.o)
    0x080001ba   0x080001ba   0x00000008   Code   RO         2051    .ARM.Collect$$rtentry$$0000000D  c_w.l(__rtentry2.o)
    0x080001c2   0x080001c2   0x00000002   Code   RO         2072    .ARM.Collect$$rtexit$$00000000  c_w.l(rtexit.o)
    0x080001c4   0x080001c4   0x00000000   Code   RO         2120    .ARM.Collect$$rtexit$$00000002  c_w.l(rtexit2.o)
    0x080001c4   0x080001c4   0x00000004   Code   RO         2121    .ARM.Collect$$rtexit$$00000003  c_w.l(rtexit2.o)
    0x080001c8   0x080001c8   0x00000006   Code   RO         2122    .ARM.Collect$$rtexit$$00000004  c_w.l(rtexit2.o)
    0x080001ce   0x080001ce   0x00000002   PAD
    0x080001d0   0x080001d0   0x00000040   Code   RO           20    .text               startup_stm32f10x_hd.o
    0x08000210   0x08000210   0x00000780   Code   RO         1922    .text               M8266WIFIDrv_STM32F1xx.a(M8266WIFIDrv_STM32F1xx.o)
    0x08000990   0x08000990   0x0000004e   Code   RO         2035    .text               c_w.l(rt_memclr_w.o)
    0x080009de   0x080009de   0x00000002   PAD
    0x080009e0   0x080009e0   0x00000080   Code   RO         2037    .text               c_w.l(strcmpv7m.o)
    0x08000a60   0x08000a60   0x00000006   Code   RO         2039    .text               c_w.l(heapauxi.o)
    0x08000a66   0x08000a66   0x0000004a   Code   RO         2059    .text               c_w.l(sys_stackheap_outer.o)
    0x08000ab0   0x08000ab0   0x00000012   Code   RO         2061    .text               c_w.l(exit.o)
    0x08000ac2   0x08000ac2   0x00000002   PAD
    0x08000ac4   0x08000ac4   0x00000008   Code   RO         2069    .text               c_w.l(libspace.o)
    0x08000acc   0x08000acc   0x0000000c   Code   RO         2130    .text               c_w.l(sys_exit.o)
    0x08000ad8   0x08000ad8   0x00000008   Code   RO         2135    .text               c_w.l(rt_fp_status_addr_intlibspace.o)
    0x08000ae0   0x08000ae0   0x00000002   Code   RO         2146    .text               c_w.l(use_no_semi.o)
    0x08000ae2   0x08000ae2   0x00000000   Code   RO         2148    .text               c_w.l(indicate_semi.o)
    0x08000ae2   0x08000ae2   0x00000002   PAD
    0x08000ae4   0x08000ae4   0x000002fc   Code   RO         1966    .text.1             M8266WIFIDrv_STM32F1xx.a(M8266WIFIDrv_STM32F1xx.o)
    0x08000de0   0x08000de0   0x00000110   Code   RO         1926    .text.12            M8266WIFIDrv_STM32F1xx.a(M8266WIFIDrv_STM32F1xx.o)
    0x08000ef0   0x08000ef0   0x0000016a   Code   RO         1970    .text.13            M8266WIFIDrv_STM32F1xx.a(M8266WIFIDrv_STM32F1xx.o)
    0x0800105a   0x0800105a   0x00000002   PAD
    0x0800105c   0x0800105c   0x00000100   Code   RO         1931    .text.14            M8266WIFIDrv_STM32F1xx.a(M8266WIFIDrv_STM32F1xx.o)
    0x0800115c   0x0800115c   0x000000d0   Code   RO         1930    .text.15            M8266WIFIDrv_STM32F1xx.a(M8266WIFIDrv_STM32F1xx.o)
    0x0800122c   0x0800122c   0x000000f4   Code   RO         1927    .text.5             M8266WIFIDrv_STM32F1xx.a(M8266WIFIDrv_STM32F1xx.o)
    0x08001320   0x08001320   0x000000fa   Code   RO         1925    .text.9             M8266WIFIDrv_STM32F1xx.a(M8266WIFIDrv_STM32F1xx.o)
    0x0800141a   0x0800141a   0x00000002   PAD
    0x0800141c   0x0800141c   0x000000d0   Code   RO         2029    .text.M8266HostIf_SPI_Select  M8266WIFIDrv_STM32F1xx.a(M8266WIFIDrv_STM32F1xx.o)
    0x080014ec   0x080014ec   0x00000018   Code   RO         1948    .text.M8266WIFI_SPI_Config_STA_Param  M8266WIFIDrv_STM32F1xx.a(M8266WIFIDrv_STM32F1xx.o)
    0x08001504   0x08001504   0x00000018   Code   RO         1987    .text.M8266WIFI_SPI_Config_Tcp_Window_num  M8266WIFIDrv_STM32F1xx.a(M8266WIFIDrv_STM32F1xx.o)
    0x0800151c   0x0800151c   0x00000016   Code   RO         1971    .text.M8266WIFI_SPI_Delete_Connection  M8266WIFIDrv_STM32F1xx.a(M8266WIFIDrv_STM32F1xx.o)
    0x08001532   0x08001532   0x0000009c   Code   RO         2028    .text.M8266WIFI_SPI_Get_Module_Info  M8266WIFIDrv_STM32F1xx.a(M8266WIFIDrv_STM32F1xx.o)
    0x080015ce   0x080015ce   0x0000004e   Code   RO         1940    .text.M8266WIFI_SPI_Get_Opmode  M8266WIFIDrv_STM32F1xx.a(M8266WIFIDrv_STM32F1xx.o)
    0x0800161c   0x0800161c   0x0000004e   Code   RO         1942    .text.M8266WIFI_SPI_Get_STA_Connection_Status  M8266WIFIDrv_STM32F1xx.a(M8266WIFIDrv_STM32F1xx.o)
    0x0800166a   0x0800166a   0x0000006a   Code   RO         1963    .text.M8266WIFI_SPI_Get_STA_IP_Addr  M8266WIFIDrv_STM32F1xx.a(M8266WIFIDrv_STM32F1xx.o)
    0x080016d4   0x080016d4   0x00000044   Code   RO         1935    .text.M8266WIFI_SPI_Interface_Communication_OK  M8266WIFIDrv_STM32F1xx.a(M8266WIFIDrv_STM32F1xx.o)
    0x08001718   0x08001718   0x000000d0   Code   RO         1969    .text.M8266WIFI_SPI_Query_Connection  M8266WIFIDrv_STM32F1xx.a(M8266WIFIDrv_STM32F1xx.o)
    0x080017e8   0x080017e8   0x0000007a   Code   RO         1984    .text.M8266WIFI_SPI_Query_Tcp_Mss  M8266WIFIDrv_STM32F1xx.a(M8266WIFIDrv_STM32F1xx.o)
    0x08001862   0x08001862   0x0000001a   Code   RO         1985    .text.M8266WIFI_SPI_Query_Tcp_Window_num  M8266WIFIDrv_STM32F1xx.a(M8266WIFIDrv_STM32F1xx.o)
    0x0800187c   0x0800187c   0x00000344   Code   RO         1952    .text.M8266WIFI_SPI_STA_Connect_Ap  M8266WIFIDrv_STM32F1xx.a(M8266WIFIDrv_STM32F1xx.o)
    0x08001bc0   0x08001bc0   0x00000074   Code   RO         1951    .text.M8266WIFI_SPI_STA_DisConnect_Ap  M8266WIFIDrv_STM32F1xx.a(M8266WIFIDrv_STM32F1xx.o)
    0x08001c34   0x08001c34   0x0000029c   Code   RO         1965    .text.M8266WIFI_SPI_STA_Get_HostIP_by_HostName  M8266WIFIDrv_STM32F1xx.a(M8266WIFIDrv_STM32F1xx.o)
    0x08001ed0   0x08001ed0   0x00000084   Code   RO         1964    .text.M8266WIFI_SPI_STA_Query_Current_SSID_And_RSSI  M8266WIFIDrv_STM32F1xx.a(M8266WIFIDrv_STM32F1xx.o)
    0x08001f54   0x08001f54   0x00000130   Code   RO         1986    .text.M8266WIFI_SPI_Send_BlockData  M8266WIFIDrv_STM32F1xx.a(M8266WIFIDrv_STM32F1xx.o)
    0x08002084   0x08002084   0x0000007c   Code   RO         1941    .text.M8266WIFI_SPI_Set_Opmode  M8266WIFIDrv_STM32F1xx.a(M8266WIFIDrv_STM32F1xx.o)
    0x08002100   0x08002100   0x00000224   Code   RO         1974    .text.M8266WIFI_SPI_Setup_Connection  M8266WIFIDrv_STM32F1xx.a(M8266WIFIDrv_STM32F1xx.o)
    0x08002324   0x08002324   0x00000002   Code   RO         1855    i.BusFault_Handler  stm32f10x_it.o
    0x08002326   0x08002326   0x00000002   Code   RO         1856    i.DebugMon_Handler  stm32f10x_it.o
    0x08002328   0x08002328   0x000000a2   Code   RO          167    i.GPIO_Init         stm32f10x_gpio.o
    0x080023ca   0x080023ca   0x00000002   Code   RO         1857    i.HardFault_Handler  stm32f10x_it.o
    0x080023cc   0x080023cc   0x00000050   Code   RO         1591    i.M8266HostIf_GPIO_CS_RESET_Init  m8266hostif_stm32xx.o
    0x0800241c   0x0800241c   0x0000000e   Code   RO         1592    i.M8266HostIf_Init  m8266hostif_stm32xx.o
    0x0800242a   0x0800242a   0x00000002   PAD
    0x0800242c   0x0800242c   0x0000008c   Code   RO         1593    i.M8266HostIf_SPI_Init  m8266hostif_stm32xx.o
    0x080024b8   0x080024b8   0x0000001c   Code   RO         1595    i.M8266HostIf_SPI_SetSpeed  m8266hostif_stm32xx.o
    0x080024d4   0x080024d4   0x00000014   Code   RO         1596    i.M8266HostIf_Set_SPI_nCS_Pin  m8266hostif_stm32xx.o
    0x080024e8   0x080024e8   0x00000014   Code   RO         1597    i.M8266HostIf_Set_nRESET_Pin  m8266hostif_stm32xx.o
    0x080024fc   0x080024fc   0x00000004   Code   RO         1598    i.M8266HostIf_delay_us  m8266hostif_stm32xx.o
    0x08002500   0x08002500   0x0000003a   Code   RO         1662    i.M8266WIFI_Module_Hardware_Reset  m8266wifi_ops.o
    0x0800253a   0x0800253a   0x00000002   PAD
    0x0800253c   0x0800253c   0x000000e8   Code   RO         1663    i.M8266WIFI_Module_Init_Via_SPI  m8266wifi_ops.o
    0x08002624   0x08002624   0x00000022   Code   RO         1664    i.M8266WIFI_Module_delay_ms  m8266wifi_ops.o
    0x08002646   0x08002646   0x00000002   PAD
    0x08002648   0x08002648   0x0000004c   Code   RO         1665    i.M8266WIFI_SPI_wait_sta_connecting_to_ap_and_get_ip  m8266wifi_ops.o
    0x08002694   0x08002694   0x00000204   Code   RO         1718    i.M8266WIFI_Test    test_m8266wifi.o
    0x08002898   0x08002898   0x00000002   Code   RO         1858    i.MemManage_Handler  stm32f10x_it.o
    0x0800289a   0x0800289a   0x00000002   Code   RO         1859    i.NMI_Handler       stm32f10x_it.o
    0x0800289c   0x0800289c   0x00000014   Code   RO         1453    i.NVIC_PriorityGroupConfig  misc.o
    0x080028b0   0x080028b0   0x00000002   Code   RO         1860    i.PendSV_Handler    stm32f10x_it.o
    0x080028b2   0x080028b2   0x00000002   PAD
    0x080028b4   0x080028b4   0x00000018   Code   RO          543    i.RCC_APB2PeriphClockCmd  stm32f10x_rcc.o
    0x080028cc   0x080028cc   0x00000018   Code   RO          544    i.RCC_APB2PeriphResetCmd  stm32f10x_rcc.o
    0x080028e4   0x080028e4   0x00000014   Code   RO          280    i.SPI_Cmd           stm32f10x_spi.o
    0x080028f8   0x080028f8   0x00000038   Code   RO          293    i.SPI_Init          stm32f10x_spi.o
    0x08002930   0x08002930   0x00000002   Code   RO         1861    i.SVC_Handler       stm32f10x_it.o
    0x08002932   0x08002932   0x00000002   PAD
    0x08002934   0x08002934   0x000000a8   Code   RO         1804    i.SetSysClockTo72   system_stm32f10x.o
    0x080029dc   0x080029dc   0x00000018   Code   RO         1456    i.SysTick_CLKSourceConfig  misc.o
    0x080029f4   0x080029f4   0x00000002   Code   RO         1862    i.SysTick_Handler   stm32f10x_it.o
    0x080029f6   0x080029f6   0x00000002   PAD
    0x080029f8   0x080029f8   0x00000050   Code   RO         1806    i.SystemInit        system_stm32f10x.o
    0x08002a48   0x08002a48   0x00000002   Code   RO         1863    i.UsageFault_Handler  stm32f10x_it.o
    0x08002a4a   0x08002a4a   0x00000002   PAD
    0x08002a4c   0x08002a4c   0x0000003c   Code   RO         1488    i.delay_init        delay.o
    0x08002a88   0x08002a88   0x00000034   Code   RO         1490    i.delay_us          delay.o
    0x08002abc   0x08002abc   0x0000001e   Code   RO         1792    i.main              main.o
    0x08002ada   0x08002ada   0x0000000e   Code   RO         2128    x$fpl$fpinit        g_ws.l(fpinit.o)
    0x08002ae8   0x08002ae8   0x00000020   Data   RO         2031    .rodata             M8266WIFIDrv_STM32F1xx.a(M8266WIFIDrv_STM32F1xx.o)
    0x08002b08   0x08002b08   0x00000068   Data   RO         2032    .rodata.str1.1      M8266WIFIDrv_STM32F1xx.a(M8266WIFIDrv_STM32F1xx.o)
    0x08002b70   0x08002b70   0x00000020   Data   RO         2201    Region$$Table       anon$$obj.o


    Execution Region RW_IRAM1 (Exec base: 0x20000000, Load base: 0x08002b90, Size: 0x00002298, Max: 0x00005000, ABSOLUTE)

    Exec Addr    Load Addr    Size         Type   Attr      Idx    E Section Name        Object

    0x20000000   0x08002b90   0x00000004   Data   RW         1491    .data               delay.o
    0x20000004   0x08002b94   0x00000014   Data   RW         1807    .data               system_stm32f10x.o
    0x20000018   0x08002ba8   0x00000016   Data   RW         1923    .data               M8266WIFIDrv_STM32F1xx.a(M8266WIFIDrv_STM32F1xx.o)
    0x2000002e   0x08002bbe   0x00000002   PAD
    0x20000030        -       0x00000008   Zero   RW         1924    .bss                M8266WIFIDrv_STM32F1xx.a(M8266WIFIDrv_STM32F1xx.o)
    0x20000038        -       0x00000060   Zero   RW         2070    .bss                c_w.l(libspace.o)
    0x20000098        -       0x00000200   Zero   RW           18    HEAP                startup_stm32f10x_hd.o
    0x20000298        -       0x00002000   Zero   RW           17    STACK               startup_stm32f10x_hd.o


==============================================================================

Image component sizes


      Code (inc. data)   RO Data    RW Data    ZI Data      Debug   Object Name

         0          0          0          0          0       4544   core_cm3.o
       112         20          0          4          0       1304   delay.o
       306         24          0          0          0       4124   m8266hostif_stm32xx.o
       400         40          0          0          0       3611   m8266wifi_ops.o
        30          0          0          0          0        483   main.o
        44         10          0          0          0       1085   misc.o
        64         26        304          0       8704        824   startup_stm32f10x_hd.o
         0          0          0          0          0     217044   stm32f10x_exti.o
       162          0          0          0          0       1884   stm32f10x_gpio.o
        18          0          0          0          0       4002   stm32f10x_it.o
        48         12          0          0          0       1202   stm32f10x_rcc.o
        76          0          0          0          0       2185   stm32f10x_spi.o
       248         24          0         20          0       1869   system_stm32f10x.o
       516         16          0          0          0       6181   test_m8266wifi.o

    ----------------------------------------------------------------------
      2038        172        336         24       8704     250342   Object Totals
         0          0         32          0          0          0   (incl. Generated)
        14          0          0          0          0          0   (incl. Padding)

    ----------------------------------------------------------------------

      Code (inc. data)   RO Data    RW Data    ZI Data      Debug   Library Member Name

      8124        156        136         22          8          0   M8266WIFIDrv_STM32F1xx.o
         8          0          0          0          0         68   __main.o
         0          0          0          0          0          0   __rtentry.o
        12          0          0          0          0          0   __rtentry2.o
         6          0          0          0          0          0   __rtentry4.o
        52          8          0          0          0          0   __scatter.o
        26          0          0          0          0          0   __scatter_copy.o
        28          0          0          0          0          0   __scatter_zi.o
        18          0          0          0          0         80   exit.o
         6          0          0          0          0        152   heapauxi.o
         0          0          0          0          0          0   indicate_semi.o
         2          0          0          0          0          0   libinit.o
         6          0          0          0          0          0   libinit2.o
         2          0          0          0          0          0   libshutdown.o
         2          0          0          0          0          0   libshutdown2.o
         8          4          0          0         96         68   libspace.o
         8          4          0          0          0         68   rt_fp_status_addr_intlibspace.o
        78          0          0          0          0         80   rt_memclr_w.o
         2          0          0          0          0          0   rtexit.o
        10          0          0          0          0          0   rtexit2.o
       128          0          0          0          0         68   strcmpv7m.o
        12          4          0          0          0         68   sys_exit.o
        74          0          0          0          0         80   sys_stackheap_outer.o
         2          0          0          0          0         68   use_no_semi.o
        14          0          0          0          0         76   fpinit.o

    ----------------------------------------------------------------------
      8642        176        136         24        104        876   Library Totals
        14          0          0          2          0          0   (incl. Padding)

    ----------------------------------------------------------------------

      Code (inc. data)   RO Data    RW Data    ZI Data      Debug   Library Name

      8124        156        136         22          8          0   M8266WIFIDrv_STM32F1xx.a
       490         20          0          0         96        800   c_w.l
        14          0          0          0          0         76   g_ws.l

    ----------------------------------------------------------------------
      8642        176        136         24        104        876   Library Totals

    ----------------------------------------------------------------------

==============================================================================


      Code (inc. data)   RO Data    RW Data    ZI Data      Debug   

     10680        348        472         48       8808     249342   Grand Totals
     10680        348        472         48       8808     249342   ELF Image Totals
     10680        348        472         48          0          0   ROM Totals

==============================================================================

    Total RO  Size (Code + RO Data)                11152 (  10.89kB)
    Total RW  Size (RW Data + ZI Data)              8856 (   8.65kB)
    Total ROM Size (Code + RO Data + RW Data)      11200 (  10.94kB)

==============================================================================

